Component: ARM Compiler 5.06 update 6 (build 750) Tool: armlink [4d35ed]

==============================================================================

Section Cross References

    main.o(.text) refers to crc.o(.text) for RadioComputeCRC
    main.o(.text) refers to modbus.o(.text) for Modules_Init
    main.o(.text) refers to noretval__2printf.o(.text) for __2printf
    main.o(.text) refers to sx1276.o(.text) for SX1276StartRx
    main.o(.text) refers to flash_data.o(.text) for Read_FlashData
    main.o(.text) refers to sx1276-lora.o(.text) for SX1276LoRaProcess
    main.o(.text) refers to main.o(.data) for Addr
    main.o(.text) refers to main.o(.bss) for TXData
    main.o(.text) refers to modbus.o(.data) for crc_value
    main.o(.text) refers to sx1276-lora.o(.data) for RFLRState
    main.o(.text) refers to flash_data.o(.data) for F_data
    system_stm32f10x.o(.text) refers to system_stm32f10x.o(.data) for SystemCoreClock
    led.o(.text) refers to stm32f10x_rcc.o(.text) for RCC_APB2PeriphClockCmd
    led.o(.text) refers to stm32f10x_gpio.o(.text) for GPIO_Init
    led.o(.text) refers to delay.o(.text) for delay_ms
    key.o(.text) refers to stm32f10x_rcc.o(.text) for RCC_APB2PeriphClockCmd
    key.o(.text) refers to stm32f10x_gpio.o(.text) for GPIO_Init
    key.o(.text) refers to delay.o(.text) for delay_ms
    key.o(.text) refers to flash_data.o(.text) for Write_FlashData
    key.o(.text) refers to key.o(.data) for key_up
    key.o(.text) refers to flash_data.o(.data) for F_data
    spi.o(.text) refers to stm32f10x_spi.o(.text) for SPI_I2S_GetFlagStatus
    spi.o(.text) refers to stm32f10x_rcc.o(.text) for RCC_APB2PeriphClockCmd
    spi.o(.text) refers to stm32f10x_gpio.o(.text) for GPIO_Init
    timer.o(.text) refers to stm32f10x_rcc.o(.text) for RCC_APB1PeriphClockCmd
    timer.o(.text) refers to stm32f10x_tim.o(.text) for TIM_TimeBaseInit
    timer.o(.text) refers to misc.o(.text) for NVIC_Init
    timer.o(.text) refers to key.o(.text) for KEY_Scan
    timer.o(.text) refers to stm32f10x_gpio.o(.text) for GPIO_ReadOutputDataBit
    timer.o(.text) refers to dataprocessing.o(.text) for Information_BACK
    timer.o(.text) refers to timer.o(.data) for time
    timer.o(.text) refers to sx12xxeiger.o(.data) for TickCounter
    modbus.o(.text) refers to misc.o(.text) for NVIC_PriorityGroupConfig
    modbus.o(.text) refers to delay.o(.text) for delay_init
    modbus.o(.text) refers to usart.o(.text) for uart_init
    modbus.o(.text) refers to led.o(.text) for LED_Init
    modbus.o(.text) refers to key.o(.text) for KEY_Init
    modbus.o(.text) refers to timer.o(.text) for TIM3_Int_Init
    modbus.o(.text) refers to sx1276.o(.text) for SX1276_Init
    modbus.o(.text) refers to sx1276-lora.o(.text) for SX1276LoRaSetTxPacket
    modbus.o(.text) refers to crc.o(.text) for RadioComputeCRC
    modbus.o(.text) refers to flash_data.o(.text) for Read_FlashData
    modbus.o(.text) refers to stm32f10x_gpio.o(.text) for GPIO_WriteBit
    modbus.o(.text) refers to dataprocessing.o(.text) for Information_BACK
    modbus.o(.text) refers to modbus.o(.bss) for data
    modbus.o(.text) refers to modbus.o(.data) for Rec_Len
    modbus.o(.text) refers to main.o(.bss) for RXData
    modbus.o(.text) refers to main.o(.data) for Addr
    modbus.o(.text) refers to flash_data.o(.data) for F_data
    crc.o(.text) refers to crc.o(.data) for auchCRCHi
    flash_data.o(.text) refers to stm32f10x_flash.o(.text) for FLASH_Unlock
    flash_data.o(.text) refers to flash_data.o(.data) for F_data
    pbdata.o(.text) refers to stm32f10x_iwdg.o(.text) for IWDG_WriteAccessCmd
    dataprocessing.o(.text) refers to stm32f10x_gpio.o(.text) for GPIO_ReadInputDataBit
    dataprocessing.o(.text) refers to crc.o(.text) for RadioComputeCRC
    dataprocessing.o(.text) refers to flash_data.o(.text) for Read_FlashData
    dataprocessing.o(.text) refers to main.o(.data) for Beacon
    dataprocessing.o(.text) refers to main.o(.bss) for TXData
    dataprocessing.o(.text) refers to modbus.o(.data) for crc_value
    dataprocessing.o(.text) refers to sx1276-lora.o(.data) for RFLRState
    delay.o(.text) refers to misc.o(.text) for SysTick_CLKSourceConfig
    delay.o(.text) refers to system_stm32f10x.o(.data) for SystemCoreClock
    delay.o(.text) refers to delay.o(.data) for fac_us
    usart.o(.text) refers (Special) to use_no_semi_2.o(.text) for __use_no_semihosting
    usart.o(.text) refers to stm32f10x_rcc.o(.text) for RCC_APB2PeriphClockCmd
    usart.o(.text) refers to stm32f10x_gpio.o(.text) for GPIO_Init
    usart.o(.text) refers to misc.o(.text) for NVIC_Init
    usart.o(.text) refers to stm32f10x_usart.o(.text) for USART_Init
    usart.o(.text) refers to usart.o(.data) for USART_RX_STA
    usart.o(.text) refers to usart.o(.bss) for USART_RX_BUF
    usart.o(.bss) refers (Special) to use_no_semi_2.o(.text) for __use_no_semihosting
    usart.o(.data) refers (Special) to use_no_semi_2.o(.text) for __use_no_semihosting
[...]
    _printf_post_padding                      - Undefined Weak Reference
    _printf_pre_padding                       - Undefined Weak Reference
    _printf_truncate_signed                   - Undefined Weak Reference
    _printf_truncate_unsigned                 - Undefined Weak Reference
    _rand_init                                - Undefined Weak Reference
    _signal_finish                            - Undefined Weak Reference
    _signal_init                              - Undefined Weak Reference
    _terminate_alloc                          - Undefined Weak Reference
    _terminate_user_alloc                     - Undefined Weak Reference
    _terminateio                              - Undefined Weak Reference
    __Vectors_Size                           0x00000130   Number         0  startup_stm32f10x_hd.o ABSOLUTE
    __Vectors                                0x08000000   Data           4  startup_stm32f10x_hd.o(RESET)
    __Vectors_End                            0x08000130   Data           0  startup_stm32f10x_hd.o(RESET)
    __main                                   0x08000131   Thumb Code     8  __main.o(!!!main)
    __scatterload                            0x08000139   Thumb Code     0  __scatter.o(!!!scatter)
    __scatterload_rt2                        0x08000139   Thumb Code    44  __scatter.o(!!!scatter)
    __scatterload_rt2_thumb_only             0x08000139   Thumb Code     0  __scatter.o(!!!scatter)
    __scatterload_null                       0x08000147   Thumb Code     0  __scatter.o(!!!scatter)
    __decompress                             0x0800016d   Thumb Code    90  __dczerorl2.o(!!dczerorl2)
    __decompress1                            0x0800016d   Thumb Code     0  __dczerorl2.o(!!dczerorl2)
    __scatterload_zeroinit                   0x080001c9   Thumb Code    28  __scatter_zi.o(!!handler_zi)
    _printf_d                                0x080001e5   Thumb Code     0  _printf_d.o(.ARM.Collect$$_printf_percent$$00000009)
    _printf_percent                          0x080001e5   Thumb Code     0  _printf_percent.o(.ARM.Collect$$_printf_percent$$00000000)
    _printf_percent_end                      0x080001eb   Thumb Code     0  _printf_percent_end.o(.ARM.Collect$$_printf_percent$$00000017)
    __rt_lib_init                            0x080001ef   Thumb Code     0  libinit.o(.ARM.Collect$$libinit$$00000000)
    __rt_lib_init_alloca_1                   0x080001f1   Thumb Code     0  libinit2.o(.ARM.Collect$$libinit$$0000002E)
    __rt_lib_init_argv_1                     0x080001f1   Thumb Code     0  libinit2.o(.ARM.Collect$$libinit$$0000002C)
    __rt_lib_init_atexit_1                   0x080001f1   Thumb Code     0  libinit2.o(.ARM.Collect$$libinit$$0000001B)
    __rt_lib_init_clock_1                    0x080001f1   Thumb Code     0  libinit2.o(.ARM.Collect$$libinit$$00000021)
    __rt_lib_init_cpp_1                      0x080001f1   Thumb Code     0  libinit2.o(.ARM.Collect$$libinit$$00000032)
    __rt_lib_init_exceptions_1               0x080001f1   Thumb Code     0  libinit2.o(.ARM.Collect$$libinit$$00000030)
    __rt_lib_init_fp_1                       0x080001f1   Thumb Code     0  libinit2.o(.ARM.Collect$$libinit$$00000002)
    __rt_lib_init_fp_trap_1                  0x080001f1   Thumb Code     0  libinit2.o(.ARM.Collect$$libinit$$0000001F)
    __rt_lib_init_getenv_1                   0x080001f1   Thumb Code     0  libinit2.o(.ARM.Collect$$libinit$$00000023)
    __rt_lib_init_heap_1                     0x080001f1   Thumb Code     0  libinit2.o(.ARM.Collect$$libinit$$0000000A)
    __rt_lib_init_lc_collate_1               0x080001f1   Thumb Code     0  libinit2.o(.ARM.Collect$$libinit$$00000011)
    __rt_lib_init_lc_ctype_1                 0x080001f1   Thumb Code     0  libinit2.o(.ARM.Collect$$libinit$$00000013)
    __rt_lib_init_lc_monetary_1              0x080001f1   Thumb Code     0  libinit2.o(.ARM.Collect$$libinit$$00000015)
    __rt_lib_init_lc_numeric_1               0x080001f1   Thumb Code     0  libinit2.o(.ARM.Collect$$libinit$$00000017)
    __rt_lib_init_lc_time_1                  0x080001f1   Thumb Code     0  libinit2.o(.ARM.Collect$$libinit$$00000019)
    __rt_lib_init_preinit_1                  0x080001f1   Thumb Code     0  libinit2.o(.ARM.Collect$$libinit$$00000004)
    __rt_lib_init_rand_1                     0x080001f1   Thumb Code     0  libinit2.o(.ARM.Collect$$libinit$$0000000E)
    __rt_lib_init_return                     0x080001f1   Thumb Code     0  libinit2.o(.ARM.Collect$$libinit$$00000033)
    __rt_lib_init_signal_1                   0x080001f1   Thumb Code     0  libinit2.o(.ARM.Collect$$libinit$$0000001D)
    __rt_lib_init_stdio_1                    0x080001f1   Thumb Code     0  libinit2.o(.ARM.Collect$$libinit$$00000025)
    __rt_lib_init_user_alloc_1               0x080001f1   Thumb Code     0  libinit2.o(.ARM.Collect$$libinit$$0000000C)
    __rt_lib_shutdown                        0x080001f3   Thumb Code     0  libshutdown.o(.ARM.Collect$$libshutdown$$00000000)
    __rt_lib_shutdown_cpp_1                  0x080001f5   Thumb Code     0  libshutdown2.o(.ARM.Collect$$libshutdown$$00000002)
    __rt_lib_shutdown_fp_trap_1              0x080001f5   Thumb Code     0  libshutdown2.o(.ARM.Collect$$libshutdown$$00000007)
    __rt_lib_shutdown_heap_1                 0x080001f5   Thumb Code     0  libshutdown2.o(.ARM.Collect$$libshutdown$$0000000F)
    __rt_lib_shutdown_return                 0x080001f5   Thumb Code     0  libshutdown2.o(.ARM.Collect$$libshutdown$$00000010)
    __rt_lib_shutdown_signal_1               0x080001f5   Thumb Code     0  libshutdown2.o(.ARM.Collect$$libshutdown$$0000000A)
    __rt_lib_shutdown_stdio_1                0x080001f5   Thumb Code     0  libshutdown2.o(.ARM.Collect$$libshutdown$$00000004)
    __rt_lib_shutdown_user_alloc_1           0x080001f5   Thumb Code     0  libshutdown2.o(.ARM.Collect$$libshutdown$$0000000C)
    __rt_entry                               0x080001f7   Thumb Code     0  __rtentry.o(.ARM.Collect$$rtentry$$00000000)
    __rt_entry_presh_1                       0x080001f7   Thumb Code     0  __rtentry2.o(.ARM.Collect$$rtentry$$00000002)
    __rt_entry_sh                            0x080001f7   Thumb Code     0  __rtentry4.o(.ARM.Collect$$rtentry$$00000004)
    __rt_entry_li                            0x080001fd   Thumb Code     0  __rtentry2.o(.ARM.Collect$$rtentry$$0000000A)
    __rt_entry_postsh_1                      0x080001fd   Thumb Code     0  __rtentry2.o(.ARM.Collect$$rtentry$$00000009)
    __rt_entry_main                          0x08000201   Thumb Code     0  __rtentry2.o(.ARM.Collect$$rtentry$$0000000D)
    __rt_entry_postli_1                      0x08000201   Thumb Code     0  __rtentry2.o(.ARM.Collect$$rtentry$$0000000C)
    __rt_exit                                0x08000209   Thumb Code     0  rtexit.o(.ARM.Collect$$rtexit$$00000000)
    __rt_exit_ls                             0x0800020b   Thumb Code     0  rtexit2.o(.ARM.Collect$$rtexit$$00000003)
    __rt_exit_prels_1                        0x0800020b   Thumb Code     0  rtexit2.o(.ARM.Collect$$rtexit$$00000002)
    __rt_exit_exit                           0x0800020f   Thumb Code     0  rtexit2.o(.ARM.Collect$$rtexit$$00000004)
    Registration                             0x08000215   Thumb Code   108  main.o(.text)
    Get_ChipID                               0x08000281   Thumb Code    96  main.o(.text)
    main                                     0x080002e1   Thumb Code    96  main.o(.text)
    NMI_Handler                              0x08000375   Thumb Code     2  stm32f10x_it.o(.text)
    HardFault_Handler                        0x08000377   Thumb Code     4  stm32f10x_it.o(.text)
    MemManage_Handler                        0x0800037b   Thumb Code     4  stm32f10x_it.o(.text)
    BusFault_Handler                         0x0800037f   Thumb Code     4  stm32f10x_it.o(.text)
    UsageFault_Handler                       0x08000383   Thumb Code     4  stm32f10x_it.o(.text)
    SVC_Handler                              0x08000387   Thumb Code     2  stm32f10x_it.o(.text)
    DebugMon_Handler                         0x08000389   Thumb Code     2  stm32f10x_it.o(.text)
    PendSV_Handler                           0x0800038b   Thumb Code     2  stm32f10x_it.o(.text)
    SysTick_Handler                          0x0800038d   Thumb Code     2  stm32f10x_it.o(.text)
    SystemInit                               0x0800046f   Thumb Code    78  system_stm32f10x.o(.text)
    SystemCoreClockUpdate                    0x080004bd   Thumb Code   142  system_stm32f10x.o(.text)
    LED_Init                                 0x08000571   Thumb Code    46  led.o(.text)
    LedToggle                                0x0800059f   Thumb Code    32  led.o(.text)
    KEY_Init                                 0x080005c9   Thumb Code    34  key.o(.text)
    KEY_Scan                                 0x080005eb   Thumb Code   146  key.o(.text)
    scan_key                                 0x0800067d   Thumb Code    90  key.o(.text)
    SPI2_ReadWriteByte                       0x080006e9   Thumb Code    78  spi.o(.text)
    SPI2_Init                                0x08000737   Thumb Code   140  spi.o(.text)
    SPI2_SetSpeed                            0x080007c3   Thumb Code    36  spi.o(.text)
    SpiInOut                                 0x080007e7   Thumb Code    12  spi.o(.text)
    TIM3_Int_Init                            0x080007fd   Thumb Code    90  timer.o(.text)
    TIM3_IRQHandler                          0x08000857   Thumb Code   182  timer.o(.text)
    Modules_Init                             0x08000921   Thumb Code    46  modbus.o(.text)
    SendData                                 0x0800094f   Thumb Code    36  modbus.o(.text)
    ReciveData                               0x08000973   Thumb Code   436  modbus.o(.text)
    CRC_Compute                              0x08000b49   Thumb Code    48  crc.o(.text)
    ComputeCrc                               0x08000b79   Thumb Code    54  crc.o(.text)
    RadioComputeCRC                          0x08000baf   Thumb Code    92  crc.o(.text)
    stm32_crcbitbybitfast                    0x08000c0b   Thumb Code    66  crc.o(.text)
    Read_FlashData                           0x08000c59   Thumb Code    34  flash_data.o(.text)
    Write_FlashData                          0x08000c7b   Thumb Code    56  flash_data.o(.text)
    DATA_Processing                          0x08000cc1   Thumb Code     2  dataprocessing.o(.text)
    Information_BACK                         0x08000cc3   Thumb Code   172  dataprocessing.o(.text)
    start_power_supply                       0x08000d6f   Thumb Code     8  dataprocessing.o(.text)
    delay_init                               0x08000d91   Thumb Code    50  delay.o(.text)
    delay_us                                 0x08000dc3   Thumb Code    72  delay.o(.text)
    delay_ms                                 0x08000e0b   Thumb Code    72  delay.o(.text)
    _sys_exit                                0x08000e65   Thumb Code     6  usart.o(.text)
    fputc                                    0x08000e6b   Thumb Code    24  usart.o(.text)
    uart_init                                0x08000e83   Thumb Code   152  usart.o(.text)
    USART1_IRQHandler                        0x08000f1b   Thumb Code   122  usart.o(.text)
    Reset_Handler                            0x08000fa5   Thumb Code     8  startup_stm32f10x_hd.o(.text)
    ADC1_2_IRQHandler                        0x08000fbf   Thumb Code     0  startup_stm32f10x_hd.o(.text)
    ADC3_IRQHandler                          0x08000fbf   Thumb Code     0  startup_stm32f10x_hd.o(.text)
    CAN1_RX1_IRQHandler                      0x08000fbf   Thumb Code     0  startup_stm32f10x_hd.o(.text)
    CAN1_SCE_IRQHandler                      0x08000fbf   Thumb Code     0  startup_stm32f10x_hd.o(.text)
    DMA1_Channel1_IRQHandler                 0x08000fbf   Thumb Code     0  startup_stm32f10x_hd.o(.text)
    DMA1_Channel2_IRQHandler                 0x08000fbf   Thumb Code     0  startup_stm32f10x_hd.o(.text)
    DMA1_Channel3_IRQHandler                 0x08000fbf   Thumb Code     0  startup_stm32f10x_hd.o(.text)
    DMA1_Channel4_IRQHandler                 0x08000fbf   Thumb Code     0  startup_stm32f10x_hd.o(.text)
    DMA1_Channel5_IRQHandler                 0x08000fbf   Thumb Code     0  startup_stm32f10x_hd.o(.text)
    DMA1_Channel6_IRQHandler                 0x08000fbf   Thumb Code     0  startup_stm32f10x_hd.o(.text)
    DMA1_Channel7_IRQHandler                 0x08000fbf   Thumb Code     0  startup_stm32f10x_hd.o(.text)
    DMA2_Channel1_IRQHandler                 0x08000fbf   Thumb Code     0  startup_stm32f10x_hd.o(.text)
    DMA2_Channel2_IRQHandler                 0x08000fbf   Thumb Code     0  startup_stm32f10x_hd.o(.text)
    DMA2_Channel3_IRQHandler                 0x08000fbf   Thumb Code     0  startup_stm32f10x_hd.o(.text)
    DMA2_Channel4_5_IRQHandler               0x08000fbf   Thumb Code     0  startup_stm32f10x_hd.o(.text)
    EXTI0_IRQHandler                         0x08000fbf   Thumb Code     0  startup_stm32f10x_hd.o(.text)
    EXTI15_10_IRQHandler                     0x08000fbf   Thumb Code     0  startup_stm32f10x_hd.o(.text)
    EXTI1_IRQHandler                         0x08000fbf   Thumb Code     0  startup_stm32f10x_hd.o(.text)
    EXTI2_IRQHandler                         0x08000fbf   Thumb Code     0  startup_stm32f10x_hd.o(.text)
    EXTI3_IRQHandler                         0x08000fbf   Thumb Code     0  startup_stm32f10x_hd.o(.text)
    EXTI4_IRQHandler                         0x08000fbf   Thumb Code     0  startup_stm32f10x_hd.o(.text)
    EXTI9_5_IRQHandler                       0x08000fbf   Thumb Code     0  startup_stm32f10x_hd.o(.text)
    FLASH_IRQHandler                         0x08000fbf   Thumb Code     0  startup_stm32f10x_hd.o(.text)
    FSMC_IRQHandler                          0x08000fbf   Thumb Code     0  startup_stm32f10x_hd.o(.text)
    I2C1_ER_IRQHandler                       0x08000fbf   Thumb Code     0  startup_stm32f10x_hd.o(.text)
    I2C1_EV_IRQHandler                       0x08000fbf   Thumb Code     0  startup_stm32f10x_hd.o(.text)
    I2C2_ER_IRQHandler                       0x08000fbf   Thumb Code     0  startup_stm32f10x_hd.o(.text)
    I2C2_EV_IRQHandler                       0x08000fbf   Thumb Code     0  startup_stm32f10x_hd.o(.text)
    PVD_IRQHandler                           0x08000fbf   Thumb Code     0  startup_stm32f10x_hd.o(.text)
    RCC_IRQHandler                           0x08000fbf   Thumb Code     0  startup_stm32f10x_hd.o(.text)
    RTCAlarm_IRQHandler                      0x08000fbf   Thumb Code     0  startup_stm32f10x_hd.o(.text)
    RTC_IRQHandler                           0x08000fbf   Thumb Code     0  startup_stm32f10x_hd.o(.text)
    SDIO_IRQHandler                          0x08000fbf   Thumb Code     0  startup_stm32f10x_hd.o(.text)
    SPI1_IRQHandler                          0x08000fbf   Thumb Code     0  startup_stm32f10x_hd.o(.text)
    SPI2_IRQHandler                          0x08000fbf   Thumb Code     0  startup_stm32f10x_hd.o(.text)
    SPI3_IRQHandler                          0x08000fbf   Thumb Code     0  startup_stm32f10x_hd.o(.text)
    TAMPER_IRQHandler                        0x08000fbf   Thumb Code     0  startup_stm32f10x_hd.o(.text)
    TIM1_BRK_IRQHandler                      0x08000fbf   Thumb Code     0  startup_stm32f10x_hd.o(.text)
    TIM1_CC_IRQHandler                       0x08000fbf   Thumb Code     0  startup_stm32f10x_hd.o(.text)
    TIM1_TRG_COM_IRQHandler                  0x08000fbf   Thumb Code     0  startup_stm32f10x_hd.o(.text)
    TIM1_UP_IRQHandler                       0x08000fbf   Thumb Code     0  startup_stm32f10x_hd.o(.text)
    TIM2_IRQHandler                          0x08000fbf   Thumb Code     0  startup_stm32f10x_hd.o(.text)
    TIM4_IRQHandler                          0x08000fbf   Thumb Code     0  startup_stm32f10x_hd.o(.text)
    TIM5_IRQHandler                          0x08000fbf   Thumb Code     0  startup_stm32f10x_hd.o(.text)
    TIM6_IRQHandler                          0x08000fbf   Thumb Code     0  startup_stm32f10x_hd.o(.text)
    TIM7_IRQHandler                          0x08000fbf   Thumb Code     0  startup_stm32f10x_hd.o(.text)
    TIM8_BRK_IRQHandler                      0x08000fbf   Thumb Code     0  startup_stm32f10x_hd.o(.text)
    TIM8_CC_IRQHandler                       0x08000fbf   Thumb Code     0  startup_stm32f10x_hd.o(.text)
    TIM8_TRG_COM_IRQHandler                  0x08000fbf   Thumb Code     0  startup_stm32f10x_hd.o(.text)
    TIM8_UP_IRQHandler                       0x08000fbf   Thumb Code     0  startup_stm32f10x_hd.o(.text)
    UART4_IRQHandler                         0x08000fbf   Thumb Code     0  startup_stm32f10x_hd.o(.text)
    UART5_IRQHandler                         0x08000fbf   Thumb Code     0  startup_stm32f10x_hd.o(.text)
    USART2_IRQHandler                        0x08000fbf   Thumb Code     0  startup_stm32f10x_hd.o(.text)
    USART3_IRQHandler                        0x08000fbf   Thumb Code     0  startup_stm32f10x_hd.o(.text)
    USBWakeUp_IRQHandler                     0x08000fbf   Thumb Code     0  startup_stm32f10x_hd.o(.text)
    USB_HP_CAN1_TX_IRQHandler                0x08000fbf   Thumb Code     0  startup_stm32f10x_hd.o(.text)
    USB_LP_CAN1_RX0_IRQHandler               0x08000fbf   Thumb Code     0  startup_stm32f10x_hd.o(.text)
    WWDG_IRQHandler                          0x08000fbf   Thumb Code     0  startup_stm32f10x_hd.o(.text)
    __user_initial_stackheap                 0x08000fc1   Thumb Code     0  startup_stm32f10x_hd.o(.text)
    NVIC_PriorityGroupConfig                 0x08000fe5   Thumb Code    10  misc.o(.text)
    NVIC_Init                                0x08000fef   Thumb Code   100  misc.o(.text)
    NVIC_SetVectorTable                      0x08001053   Thumb Code    14  misc.o(.text)
    NVIC_SystemLPConfig                      0x08001061   Thumb Code    34  misc.o(.text)
    SysTick_CLKSourceConfig                  0x08001083   Thumb Code    40  misc.o(.text)
    GPIO_DeInit                              0x080010c1   Thumb Code   172  stm32f10x_gpio.o(.text)
    GPIO_AFIODeInit                          0x0800116d   Thumb Code    20  stm32f10x_gpio.o(.text)
    GPIO_Init                                0x08001181   Thumb Code   278  stm32f10x_gpio.o(.text)
    GPIO_StructInit                          0x08001297   Thumb Code    16  stm32f10x_gpio.o(.text)
    GPIO_ReadInputDataBit                    0x080012a7   Thumb Code    18  stm32f10x_gpio.o(.text)
    GPIO_ReadInputData                       0x080012b9   Thumb Code     8  stm32f10x_gpio.o(.text)
    GPIO_ReadOutputDataBit                   0x080012c1   Thumb Code    18  stm32f10x_gpio.o(.text)
    GPIO_ReadOutputData                      0x080012d3   Thumb Code     8  stm32f10x_gpio.o(.text)
    GPIO_SetBits                             0x080012db   Thumb Code     4  stm32f10x_gpio.o(.text)
    GPIO_ResetBits                           0x080012df   Thumb Code     4  stm32f10x_gpio.o(.text)
    GPIO_WriteBit                            0x080012e3   Thumb Code    10  stm32f10x_gpio.o(.text)
    GPIO_Write                               0x080012ed   Thumb Code     4  stm32f10x_gpio.o(.text)
    GPIO_PinLockConfig                       0x080012f1   Thumb Code    18  stm32f10x_gpio.o(.text)
    GPIO_EventOutputConfig                   0x08001303   Thumb Code    26  stm32f10x_gpio.o(.text)
    GPIO_EventOutputCmd                      0x0800131d   Thumb Code     6  stm32f10x_gpio.o(.text)
    GPIO_PinRemapConfig                      0x08001323   Thumb Code   138  stm32f10x_gpio.o(.text)
    GPIO_EXTILineConfig                      0x080013ad   Thumb Code    66  stm32f10x_gpio.o(.text)
    GPIO_ETH_MediaInterfaceConfig            0x080013ef   Thumb Code     8  stm32f10x_gpio.o(.text)
    RCC_DeInit                               0x0800141d   Thumb Code    64  stm32f10x_rcc.o(.text)
    RCC_HSEConfig                            0x0800145d   Thumb Code    70  stm32f10x_rcc.o(.text)
    RCC_GetFlagStatus                        0x080014a3   Thumb Code    56  stm32f10x_rcc.o(.text)
    RCC_WaitForHSEStartUp                    0x080014db   Thumb Code    56  stm32f10x_rcc.o(.text)
    RCC_AdjustHSICalibrationValue            0x08001513   Thumb Code    20  stm32f10x_rcc.o(.text)
    RCC_HSICmd                               0x08001527   Thumb Code     6  stm32f10x_rcc.o(.text)
    RCC_PLLConfig                            0x0800152d   Thumb Code    24  stm32f10x_rcc.o(.text)
    RCC_PLLCmd                               0x08001545   Thumb Code     6  stm32f10x_rcc.o(.text)
    RCC_SYSCLKConfig                         0x0800154b   Thumb Code    18  stm32f10x_rcc.o(.text)
    RCC_GetSYSCLKSource                      0x0800155d   Thumb Code    10  stm32f10x_rcc.o(.text)
    RCC_HCLKConfig                           0x08001567   Thumb Code    18  stm32f10x_rcc.o(.text)
    RCC_PCLK1Config                          0x08001579   Thumb Code    18  stm32f10x_rcc.o(.text)
    RCC_PCLK2Config                          0x0800158b   Thumb Code    20  stm32f10x_rcc.o(.text)
    RCC_ITConfig                             0x0800159f   Thumb Code    26  stm32f10x_rcc.o(.text)
    RCC_USBCLKConfig                         0x080015b9   Thumb Code     8  stm32f10x_rcc.o(.text)
    RCC_ADCCLKConfig                         0x080015c1   Thumb Code    18  stm32f10x_rcc.o(.text)
    RCC_LSEConfig                            0x080015d3   Thumb Code    50  stm32f10x_rcc.o(.text)
    RCC_LSICmd                               0x08001605   Thumb Code     6  stm32f10x_rcc.o(.text)
    RCC_RTCCLKConfig                         0x0800160b   Thumb Code    12  stm32f10x_rcc.o(.text)
    RCC_RTCCLKCmd                            0x08001617   Thumb Code     8  stm32f10x_rcc.o(.text)
    RCC_GetClocksFreq                        0x0800161f   Thumb Code   192  stm32f10x_rcc.o(.text)
    RCC_AHBPeriphClockCmd                    0x080016df   Thumb Code    26  stm32f10x_rcc.o(.text)
    RCC_APB2PeriphClockCmd                   0x080016f9   Thumb Code    26  stm32f10x_rcc.o(.text)
    RCC_APB1PeriphClockCmd                   0x08001713   Thumb Code    26  stm32f10x_rcc.o(.text)
    RCC_APB2PeriphResetCmd                   0x0800172d   Thumb Code    26  stm32f10x_rcc.o(.text)
    RCC_APB1PeriphResetCmd                   0x08001747   Thumb Code    26  stm32f10x_rcc.o(.text)
    RCC_BackupResetCmd                       0x08001761   Thumb Code     8  stm32f10x_rcc.o(.text)
    RCC_ClockSecuritySystemCmd               0x08001769   Thumb Code     6  stm32f10x_rcc.o(.text)
    RCC_MCOConfig                            0x0800176f   Thumb Code     6  stm32f10x_rcc.o(.text)
    RCC_ClearFlag                            0x08001775   Thumb Code    14  stm32f10x_rcc.o(.text)
    RCC_GetITStatus                          0x08001783   Thumb Code    20  stm32f10x_rcc.o(.text)
    RCC_ClearITPendingBit                    0x08001797   Thumb Code     6  stm32f10x_rcc.o(.text)
    SPI_I2S_DeInit                           0x080017c1   Thumb Code    76  stm32f10x_spi.o(.text)
    SPI_Init                                 0x0800180d   Thumb Code    60  stm32f10x_spi.o(.text)
    I2S_Init                                 0x08001849   Thumb Code   226  stm32f10x_spi.o(.text)
    SPI_StructInit                           0x0800192b   Thumb Code    24  stm32f10x_spi.o(.text)
    I2S_StructInit                           0x08001943   Thumb Code    20  stm32f10x_spi.o(.text)
    SPI_Cmd                                  0x08001957   Thumb Code    24  stm32f10x_spi.o(.text)
    I2S_Cmd                                  0x0800196f   Thumb Code    24  stm32f10x_spi.o(.text)
    SPI_I2S_ITConfig                         0x08001987   Thumb Code    32  stm32f10x_spi.o(.text)
    SPI_I2S_DMACmd                           0x080019a7   Thumb Code    18  stm32f10x_spi.o(.text)
    SPI_I2S_SendData                         0x080019b9   Thumb Code     4  stm32f10x_spi.o(.text)
    SPI_I2S_ReceiveData                      0x080019bd   Thumb Code     6  stm32f10x_spi.o(.text)
    SPI_NSSInternalSoftwareConfig            0x080019c3   Thumb Code    30  stm32f10x_spi.o(.text)
    SPI_SSOutputCmd                          0x080019e1   Thumb Code    24  stm32f10x_spi.o(.text)
    SPI_DataSizeConfig                       0x080019f9   Thumb Code    18  stm32f10x_spi.o(.text)
    SPI_TransmitCRC                          0x08001a0b   Thumb Code    10  stm32f10x_spi.o(.text)
    SPI_CalculateCRC                         0x08001a15   Thumb Code    24  stm32f10x_spi.o(.text)
    SPI_GetCRC                               0x08001a2d   Thumb Code    16  stm32f10x_spi.o(.text)
    SPI_GetCRCPolynomial                     0x08001a3d   Thumb Code     6  stm32f10x_spi.o(.text)
    SPI_BiDirectionalLineConfig              0x08001a43   Thumb Code    28  stm32f10x_spi.o(.text)
    SPI_I2S_GetFlagStatus                    0x08001a5f   Thumb Code    18  stm32f10x_spi.o(.text)
    SPI_I2S_ClearFlag                        0x08001a71   Thumb Code     6  stm32f10x_spi.o(.text)
    SPI_I2S_GetITStatus                      0x08001a77   Thumb Code    52  stm32f10x_spi.o(.text)
    SPI_I2S_ClearITPendingBit                0x08001aab   Thumb Code    20  stm32f10x_spi.o(.text)
    USART_DeInit                             0x08001acd   Thumb Code   134  stm32f10x_usart.o(.text)
    USART_Init                               0x08001b53   Thumb Code   210  stm32f10x_usart.o(.text)
    USART_StructInit                         0x08001c25   Thumb Code    24  stm32f10x_usart.o(.text)
    USART_ClockInit                          0x08001c3d   Thumb Code    34  stm32f10x_usart.o(.text)
    USART_ClockStructInit                    0x08001c5f   Thumb Code    12  stm32f10x_usart.o(.text)
    USART_Cmd                                0x08001c6b   Thumb Code    24  stm32f10x_usart.o(.text)
    USART_ITConfig                           0x08001c83   Thumb Code    74  stm32f10x_usart.o(.text)
    USART_DMACmd                             0x08001ccd   Thumb Code    18  stm32f10x_usart.o(.text)
    USART_SetAddress                         0x08001cdf   Thumb Code    18  stm32f10x_usart.o(.text)
    USART_WakeUpConfig                       0x08001cf1   Thumb Code    18  stm32f10x_usart.o(.text)
    USART_ReceiverWakeUpCmd                  0x08001d03   Thumb Code    24  stm32f10x_usart.o(.text)
    USART_LINBreakDetectLengthConfig         0x08001d1b   Thumb Code    18  stm32f10x_usart.o(.text)
    USART_LINCmd                             0x08001d2d   Thumb Code    24  stm32f10x_usart.o(.text)
    USART_SendData                           0x08001d45   Thumb Code     8  stm32f10x_usart.o(.text)
    USART_ReceiveData                        0x08001d4d   Thumb Code    10  stm32f10x_usart.o(.text)
    USART_SendBreak                          0x08001d57   Thumb Code    10  stm32f10x_usart.o(.text)
    USART_SetGuardTime                       0x08001d61   Thumb Code    16  stm32f10x_usart.o(.text)
    USART_SetPrescaler                       0x08001d71   Thumb Code    16  stm32f10x_usart.o(.text)
    USART_SmartCardCmd                       0x08001d81   Thumb Code    24  stm32f10x_usart.o(.text)
    USART_SmartCardNACKCmd                   0x08001d99   Thumb Code    24  stm32f10x_usart.o(.text)
    USART_HalfDuplexCmd                      0x08001db1   Thumb Code    24  stm32f10x_usart.o(.text)
    USART_OverSampling8Cmd                   0x08001dc9   Thumb Code    22  stm32f10x_usart.o(.text)
    USART_OneBitMethodCmd                    0x08001ddf   Thumb Code    24  stm32f10x_usart.o(.text)
    USART_IrDAConfig                         0x08001df7   Thumb Code    18  stm32f10x_usart.o(.text)
    USART_IrDACmd                            0x08001e09   Thumb Code    24  stm32f10x_usart.o(.text)
    USART_GetFlagStatus                      0x08001e21   Thumb Code    26  stm32f10x_usart.o(.text)
    USART_ClearFlag                          0x08001e3b   Thumb Code    18  stm32f10x_usart.o(.text)
    USART_GetITStatus                        0x08001e4d   Thumb Code    84  stm32f10x_usart.o(.text)
    USART_ClearITPendingBit                  0x08001ea1   Thumb Code    52  stm32f10x_usart.o(.text)
    TIM_DeInit                               0x08001ed5   Thumb Code   424  stm32f10x_tim.o(.text)
    TIM_TimeBaseInit                         0x0800207d   Thumb Code   122  stm32f10x_tim.o(.text)
    TIM_OC1Init                              0x080020f7   Thumb Code   132  stm32f10x_tim.o(.text)
    TIM_OC2Init                              0x0800217b   Thumb Code   154  stm32f10x_tim.o(.text)
    TIM_OC3Init                              0x08002215   Thumb Code   150  stm32f10x_tim.o(.text)
    TIM_OC4Init                              0x080022ab   Thumb Code   182  stm32f10x_tim.o(.text)
    TIM_SetIC4Prescaler                      0x08002361   Thumb Code    26  stm32f10x_tim.o(.text)
    TIM_SetIC3Prescaler                      0x080023fd   Thumb Code    18  stm32f10x_tim.o(.text)
    TIM_SetIC2Prescaler                      0x08002489   Thumb Code    26  stm32f10x_tim.o(.text)
    TIM_SetIC1Prescaler                      0x08002525   Thumb Code    18  stm32f10x_tim.o(.text)
    TIM_ICInit                               0x080025a3   Thumb Code   150  stm32f10x_tim.o(.text)
    TIM_PWMIConfig                           0x08002639   Thumb Code   124  stm32f10x_tim.o(.text)
    TIM_BDTRConfig                           0x080026b5   Thumb Code    32  stm32f10x_tim.o(.text)
    TIM_TimeBaseStructInit                   0x080026d5   Thumb Code    18  stm32f10x_tim.o(.text)
    TIM_OCStructInit                         0x080026e7   Thumb Code    20  stm32f10x_tim.o(.text)
    TIM_ICStructInit                         0x080026fb   Thumb Code    18  stm32f10x_tim.o(.text)
    TIM_BDTRStructInit                       0x0800270d   Thumb Code    40  stm32f10x_tim.o(.text)
    TIM_Cmd                                  0x08002735   Thumb Code    24  stm32f10x_tim.o(.text)
    TIM_CtrlPWMOutputs                       0x0800274d   Thumb Code    30  stm32f10x_tim.o(.text)
    TIM_ITConfig                             0x0800276b   Thumb Code    18  stm32f10x_tim.o(.text)
    TIM_GenerateEvent                        0x0800277d   Thumb Code     4  stm32f10x_tim.o(.text)
    TIM_DMAConfig                            0x08002781   Thumb Code    10  stm32f10x_tim.o(.text)
    TIM_DMACmd                               0x0800278b   Thumb Code    18  stm32f10x_tim.o(.text)
    TIM_InternalClockConfig                  0x0800279d   Thumb Code    12  stm32f10x_tim.o(.text)
    TIM_SelectInputTrigger                   0x080027a9   Thumb Code    18  stm32f10x_tim.o(.text)
    TIM_ITRxExternalClockConfig              0x080027bb   Thumb Code    24  stm32f10x_tim.o(.text)
    TIM_TIxExternalClockConfig               0x080027d3   Thumb Code    62  stm32f10x_tim.o(.text)
    TIM_ETRConfig                            0x08002811   Thumb Code    28  stm32f10x_tim.o(.text)
    TIM_ETRClockMode1Config                  0x0800282d   Thumb Code    54  stm32f10x_tim.o(.text)
    TIM_ETRClockMode2Config                  0x08002863   Thumb Code    32  stm32f10x_tim.o(.text)
    TIM_PrescalerConfig                      0x08002883   Thumb Code     6  stm32f10x_tim.o(.text)
    TIM_CounterModeConfig                    0x08002889   Thumb Code    18  stm32f10x_tim.o(.text)
    TIM_EncoderInterfaceConfig               0x0800289b   Thumb Code    66  stm32f10x_tim.o(.text)
    TIM_ForcedOC1Config                      0x080028dd   Thumb Code    18  stm32f10x_tim.o(.text)
    TIM_ForcedOC2Config                      0x080028ef   Thumb Code    26  stm32f10x_tim.o(.text)
    TIM_ForcedOC3Config                      0x08002909   Thumb Code    18  stm32f10x_tim.o(.text)
    TIM_ForcedOC4Config                      0x0800291b   Thumb Code    26  stm32f10x_tim.o(.text)
    TIM_ARRPreloadConfig                     0x08002935   Thumb Code    24  stm32f10x_tim.o(.text)
    TIM_SelectCOM                            0x0800294d   Thumb Code    24  stm32f10x_tim.o(.text)
    TIM_SelectCCDMA                          0x08002965   Thumb Code    24  stm32f10x_tim.o(.text)
    TIM_CCPreloadControl                     0x0800297d   Thumb Code    24  stm32f10x_tim.o(.text)
    TIM_OC1PreloadConfig                     0x08002995   Thumb Code    18  stm32f10x_tim.o(.text)
    TIM_OC2PreloadConfig                     0x080029a7   Thumb Code    26  stm32f10x_tim.o(.text)
    TIM_OC3PreloadConfig                     0x080029c1   Thumb Code    18  stm32f10x_tim.o(.text)
    TIM_OC4PreloadConfig                     0x080029d3   Thumb Code    26  stm32f10x_tim.o(.text)
    TIM_OC1FastConfig                        0x080029ed   Thumb Code    18  stm32f10x_tim.o(.text)
    TIM_OC2FastConfig                        0x080029ff   Thumb Code    26  stm32f10x_tim.o(.text)
    TIM_OC3FastConfig                        0x08002a19   Thumb Code    18  stm32f10x_tim.o(.text)
    TIM_OC4FastConfig                        0x08002a2b   Thumb Code    26  stm32f10x_tim.o(.text)
    TIM_ClearOC1Ref                          0x08002a45   Thumb Code    18  stm32f10x_tim.o(.text)
    TIM_ClearOC2Ref                          0x08002a57   Thumb Code    24  stm32f10x_tim.o(.text)
    TIM_ClearOC3Ref                          0x08002a6f   Thumb Code    18  stm32f10x_tim.o(.text)
    TIM_ClearOC4Ref                          0x08002a81   Thumb Code    24  stm32f10x_tim.o(.text)
    TIM_OC1PolarityConfig                    0x08002a99   Thumb Code    18  stm32f10x_tim.o(.text)
    TIM_OC1NPolarityConfig                   0x08002aab   Thumb Code    18  stm32f10x_tim.o(.text)
    TIM_OC2PolarityConfig                    0x08002abd   Thumb Code    26  stm32f10x_tim.o(.text)
    TIM_OC2NPolarityConfig                   0x08002ad7   Thumb Code    26  stm32f10x_tim.o(.text)
    TIM_OC3PolarityConfig                    0x08002af1   Thumb Code    26  stm32f10x_tim.o(.text)
    TIM_OC3NPolarityConfig                   0x08002b0b   Thumb Code    26  stm32f10x_tim.o(.text)
    TIM_OC4PolarityConfig                    0x08002b25   Thumb Code    26  stm32f10x_tim.o(.text)
    TIM_CCxCmd                               0x08002b3f   Thumb Code    30  stm32f10x_tim.o(.text)
    TIM_CCxNCmd                              0x08002b5d   Thumb Code    30  stm32f10x_tim.o(.text)
    TIM_SelectOCxM                           0x08002b7b   Thumb Code    82  stm32f10x_tim.o(.text)
    TIM_UpdateDisableConfig                  0x08002bcd   Thumb Code    24  stm32f10x_tim.o(.text)
    TIM_UpdateRequestConfig                  0x08002be5   Thumb Code    24  stm32f10x_tim.o(.text)
    TIM_SelectHallSensor                     0x08002bfd   Thumb Code    24  stm32f10x_tim.o(.text)
    TIM_SelectOnePulseMode                   0x08002c15   Thumb Code    18  stm32f10x_tim.o(.text)
    TIM_SelectOutputTrigger                  0x08002c27   Thumb Code    18  stm32f10x_tim.o(.text)
    TIM_SelectSlaveMode                      0x08002c39   Thumb Code    18  stm32f10x_tim.o(.text)
    TIM_SelectMasterSlaveMode                0x08002c4b   Thumb Code    18  stm32f10x_tim.o(.text)
    TIM_SetCounter                           0x08002c5d   Thumb Code     4  stm32f10x_tim.o(.text)
    TIM_SetAutoreload                        0x08002c61   Thumb Code     4  stm32f10x_tim.o(.text)
    TIM_SetCompare1                          0x08002c65   Thumb Code     4  stm32f10x_tim.o(.text)
    TIM_SetCompare2                          0x08002c69   Thumb Code     4  stm32f10x_tim.o(.text)
    TIM_SetCompare3                          0x08002c6d   Thumb Code     4  stm32f10x_tim.o(.text)
    TIM_SetCompare4                          0x08002c71   Thumb Code     6  stm32f10x_tim.o(.text)
    TIM_SetClockDivision                     0x08002c77   Thumb Code    18  stm32f10x_tim.o(.text)
    TIM_GetCapture1                          0x08002c89   Thumb Code     6  stm32f10x_tim.o(.text)
    TIM_GetCapture2                          0x08002c8f   Thumb Code     6  stm32f10x_tim.o(.text)
    TIM_GetCapture3                          0x08002c95   Thumb Code     6  stm32f10x_tim.o(.text)
    TIM_GetCapture4                          0x08002c9b   Thumb Code     8  stm32f10x_tim.o(.text)
    TIM_GetCounter                           0x08002ca3   Thumb Code     6  stm32f10x_tim.o(.text)
    TIM_GetPrescaler                         0x08002ca9   Thumb Code     6  stm32f10x_tim.o(.text)
    TIM_GetFlagStatus                        0x08002caf   Thumb Code    18  stm32f10x_tim.o(.text)
    TIM_ClearFlag                            0x08002cc1   Thumb Code     6  stm32f10x_tim.o(.text)
    TIM_GetITStatus                          0x08002cc7   Thumb Code    34  stm32f10x_tim.o(.text)
    TIM_ClearITPendingBit                    0x08002ce9   Thumb Code     6  stm32f10x_tim.o(.text)
    FLASH_SetLatency                         0x08002cf1   Thumb Code    18  stm32f10x_flash.o(.text)
    FLASH_HalfCycleAccessCmd                 0x08002d03   Thumb Code    22  stm32f10x_flash.o(.text)
    FLASH_PrefetchBufferCmd                  0x08002d19   Thumb Code    22  stm32f10x_flash.o(.text)
    FLASH_Unlock                             0x08002d2f   Thumb Code    12  stm32f10x_flash.o(.text)
    FLASH_UnlockBank1                        0x08002d3b   Thumb Code    12  stm32f10x_flash.o(.text)
    FLASH_Lock                               0x08002d47   Thumb Code    14  stm32f10x_flash.o(.text)
    FLASH_LockBank1                          0x08002d55   Thumb Code    14  stm32f10x_flash.o(.text)
    FLASH_GetBank1Status                     0x08002d63   Thumb Code    48  stm32f10x_flash.o(.text)
    FLASH_WaitForLastOperation               0x08002d93   Thumb Code    38  stm32f10x_flash.o(.text)
    FLASH_ErasePage                          0x08002db9   Thumb Code    72  stm32f10x_flash.o(.text)
    FLASH_EraseAllPages                      0x08002e01   Thumb Code    68  stm32f10x_flash.o(.text)
    FLASH_WaitForLastBank1Operation          0x08002e45   Thumb Code    38  stm32f10x_flash.o(.text)
    FLASH_EraseAllBank1Pages                 0x08002e6b   Thumb Code    68  stm32f10x_flash.o(.text)
    FLASH_GetReadOutProtectionStatus         0x08002eaf   Thumb Code    20  stm32f10x_flash.o(.text)
    FLASH_EraseOptionBytes                   0x08002ec3   Thumb Code   150  stm32f10x_flash.o(.text)
    FLASH_ProgramWord                        0x08002f59   Thumb Code   102  stm32f10x_flash.o(.text)
    FLASH_ProgramHalfWord                    0x08002fbf   Thumb Code    60  stm32f10x_flash.o(.text)
    FLASH_ProgramOptionByteData              0x08002ffb   Thumb Code    72  stm32f10x_flash.o(.text)
    FLASH_EnableWriteProtection              0x08003043   Thumb Code   200  stm32f10x_flash.o(.text)
    FLASH_ReadOutProtection                  0x0800310b   Thumb Code   156  stm32f10x_flash.o(.text)
    FLASH_UserOptionByteConfig               0x080031a7   Thumb Code    88  stm32f10x_flash.o(.text)
    FLASH_GetUserOptionByte                  0x080031ff   Thumb Code     8  stm32f10x_flash.o(.text)
    FLASH_GetWriteProtectionOptionByte       0x08003207   Thumb Code     6  stm32f10x_flash.o(.text)
    FLASH_GetPrefetchBufferStatus            0x0800320d   Thumb Code    20  stm32f10x_flash.o(.text)
    FLASH_ITConfig                           0x08003221   Thumb Code    26  stm32f10x_flash.o(.text)
    FLASH_GetFlagStatus                      0x0800323b   Thumb Code    42  stm32f10x_flash.o(.text)
    FLASH_ClearFlag                          0x08003265   Thumb Code     6  stm32f10x_flash.o(.text)
    FLASH_GetStatus                          0x0800326b   Thumb Code    48  stm32f10x_flash.o(.text)
    Set_RF_Switch_RX                         0x080032ad   Thumb Code    20  sx1276-hal.o(.text)
    Set_RF_Switch_TX                         0x080032c1   Thumb Code    20  sx1276-hal.o(.text)
    SX1276_Init_IO                           0x080032d5   Thumb Code    76  sx1276-hal.o(.text)
    SX1276SetReset                           0x08003321   Thumb Code    86  sx1276-hal.o(.text)
    SX1276WriteBuffer                        0x08003377   Thumb Code    62  sx1276-hal.o(.text)
    SX1276Write                              0x080033b5   Thumb Code    16  sx1276-hal.o(.text)
    SX1276WriteFifo                          0x080033c5   Thumb Code    18  sx1276-hal.o(.text)
    SX1276ReadBuffer                         0x080033d7   Thumb Code    64  sx1276-hal.o(.text)
    SX1276Read                               0x08003417   Thumb Code    18  sx1276-hal.o(.text)
    SX1276ReadFifo                           0x08003429   Thumb Code    18  sx1276-hal.o(.text)
    SX1276ReadDio0                           0x0800343b   Thumb Code    14  sx1276-hal.o(.text)
    SX1276ReadDio1                           0x08003449   Thumb Code    14  sx1276-hal.o(.text)
    SX1276ReadDio2                           0x08003457   Thumb Code    14  sx1276-hal.o(.text)
    SX1276ReadDio3                           0x08003465   Thumb Code    14  sx1276-hal.o(.text)
    SX1276ReadDio4                           0x08003473   Thumb Code    14  sx1276-hal.o(.text)
    SX1276ReadDio5                           0x08003481   Thumb Code    14  sx1276-hal.o(.text)
    SX1276WriteRxTx                          0x0800348f   Thumb Code    18  sx1276-hal.o(.text)
    SX1276_SetLoRaOn                         0x080034b1   Thumb Code   170  sx1276.o(.text)
    SX1276_Reset                             0x0800355b   Thumb Code    46  sx1276.o(.text)
    SX1276_Init                              0x08003589   Thumb Code    72  sx1276.o(.text)
    SX1276_GetLoRaOn                         0x080035d1   Thumb Code     6  sx1276.o(.text)
    SX1276SetOpMode                          0x080035d7   Thumb Code    26  sx1276.o(.text)
    SX1276_GetOpMode                         0x080035f1   Thumb Code    20  sx1276.o(.text)
    SX1276ReadRssi                           0x08003605   Thumb Code    20  sx1276.o(.text)
    SX1276_ReadRxGain                        0x08003619   Thumb Code    20  sx1276.o(.text)
    SX1276_GetPacketRxGain                   0x0800362d   Thumb Code    20  sx1276.o(.text)
    SX1276_GetPacketSnr                      0x08003641   Thumb Code    18  sx1276.o(.text)
    SX1276_GetPacketRssi                     0x08003653   Thumb Code    20  sx1276.o(.text)
    SX1276GetPacketAfc                       0x08003667   Thumb Code    18  sx1276.o(.text)
    SX1276StartRx                            0x08003679   Thumb Code    24  sx1276.o(.text)
    SX1276GetRxPacket                        0x08003691   Thumb Code    32  sx1276.o(.text)
    SX1276SetTxPacket                        0x080036b1   Thumb Code    32  sx1276.o(.text)
    SX1276GetRFState                         0x080036d1   Thumb Code    20  sx1276.o(.text)
    SX1276SetRFState                         0x080036e5   Thumb Code    26  sx1276.o(.text)
    SX1276Process                            0x080036ff   Thumb Code    20  sx1276.o(.text)
    SX1276GetPacketSnr                       0x08003713   Thumb Code     8  sx1276.o(.text)
    SX1276GetPacketRssi                      0x0800371b   Thumb Code     8  sx1276.o(.text)
    SX1276RxStateEnter                       0x08003723   Thumb Code     8  sx1276.o(.text)
    SX1276RxDataRead                         0x0800372b   Thumb Code    16  sx1276.o(.text)
    SX1276TxData                             0x0800373b   Thumb Code    20  sx1276.o(.text)
    SX1276TxPower                            0x0800374f   Thumb Code    12  sx1276.o(.text)
    SX1276FreqSet                            0x0800375b   Thumb Code    12  sx1276.o(.text)
    crc32                                    0x08003767   Thumb Code    56  sx1276.o(.text)
    SX1276TxDataCRC32                        0x0800379f   Thumb Code    28  sx1276.o(.text)
    SX1276RxDataReadCRC32                    0x080037bb   Thumb Code   150  sx1276.o(.text)
    SX1276FskSetOpMode                       0x08003885   Thumb Code    88  sx1276-fsk.o(.text)
    SX1276FskSetDefaults                     0x080038dd   Thumb Code    16  sx1276-fsk.o(.text)
    SX1276FskInit                            0x080038ed   Thumb Code   366  sx1276-fsk.o(.text)
    SX1276FskGetOpMode                       0x08003a5b   Thumb Code    26  sx1276-fsk.o(.text)
    SX1276FskReadFei                         0x08003a75   Thumb Code    70  sx1276-fsk.o(.text)
    SX1276FskReadAfc                         0x08003abb   Thumb Code    70  sx1276-fsk.o(.text)
    SX1276FskReadRxGain                      0x08003b01   Thumb Code    24  sx1276-fsk.o(.text)
    SX1276FskReadRssi                        0x08003b19   Thumb Code    42  sx1276-fsk.o(.text)
    SX1276FskGetPacketRxGain                 0x08003b43   Thumb Code     6  sx1276-fsk.o(.text)
    SX1276FskGetPacketRssi                   0x08003b49   Thumb Code     6  sx1276-fsk.o(.text)
    SX1276FskGetPacketAfc                    0x08003b4f   Thumb Code     6  sx1276-fsk.o(.text)
    SX1276FskSetRFState                      0x08003b55   Thumb Code     6  sx1276-fsk.o(.text)
    SX1276FskStartRx                         0x08003b5b   Thumb Code    10  sx1276-fsk.o(.text)
    SX1276FskGetRxPacket                     0x08003b65   Thumb Code    30  sx1276-fsk.o(.text)
    SX1276FskSetTxPacket                     0x08003b83   Thumb Code    28  sx1276-fsk.o(.text)
    SX1276FskGetPacketPayloadSize            0x08003b9f   Thumb Code    92  sx1276-fsk.o(.text)
    SX1276FskGetPacketHeaderSize             0x08003bfb   Thumb Code    40  sx1276-fsk.o(.text)
    SX1276FskGetRFState                      0x08003c23   Thumb Code     6  sx1276-fsk.o(.text)
    SX1276FskProcess                         0x08003c29   Thumb Code  1518  sx1276-fsk.o(.text)
    SX1276FskSetRFFrequency                  0x08004239   Thumb Code    74  sx1276-fskmisc.o(.text)
    SX1276FskGetRFFrequency                  0x08004283   Thumb Code    82  sx1276-fskmisc.o(.text)
    SX1276FskRxCalibrate                     0x080042d5   Thumb Code   164  sx1276-fskmisc.o(.text)
    SX1276FskSetBitrate                      0x08004379   Thumb Code    70  sx1276-fskmisc.o(.text)
    SX1276FskGetBitrate                      0x080043bf   Thumb Code    78  sx1276-fskmisc.o(.text)
    SX1276FskSetFdev                         0x0800440d   Thumb Code    94  sx1276-fskmisc.o(.text)
    SX1276FskGetFdev                         0x0800446b   Thumb Code    80  sx1276-fskmisc.o(.text)
    SX1276FskSetRFPower                      0x080044bb   Thumb Code   252  sx1276-fskmisc.o(.text)
    SX1276FskGetRFPower                      0x080045b7   Thumb Code   138  sx1276-fskmisc.o(.text)
    SX1276FskSetDccBw                        0x080047e3   Thumb Code   162  sx1276-fskmisc.o(.text)
    SX1276FskGetBw                           0x08004885   Thumb Code    82  sx1276-fskmisc.o(.text)
    SX1276FskSetPacketCrcOn                  0x080048d7   Thumb Code    60  sx1276-fskmisc.o(.text)
    SX1276FskGetPacketCrcOn                  0x08004913   Thumb Code    36  sx1276-fskmisc.o(.text)
    SX1276FskSetAfcOn                        0x08004937   Thumb Code    54  sx1276-fskmisc.o(.text)
    SX1276FskGetAfcOn                        0x0800496d   Thumb Code    34  sx1276-fskmisc.o(.text)
    SX1276FskSetPayloadLength                0x0800498f   Thumb Code    32  sx1276-fskmisc.o(.text)
    SX1276FskGetPayloadLength                0x080049af   Thumb Code    32  sx1276-fskmisc.o(.text)
    SX1276FskSetPa20dBm                      0x080049cf   Thumb Code    84  sx1276-fskmisc.o(.text)
    SX1276FskGetPa20dBm                      0x08004a23   Thumb Code    38  sx1276-fskmisc.o(.text)
    SX1276FskSetPAOutput                     0x08004a49   Thumb Code    64  sx1276-fskmisc.o(.text)
    SX1276FskGetPAOutput                     0x08004a89   Thumb Code    26  sx1276-fskmisc.o(.text)
    SX1276FskSetPaRamp                       0x08004aa3   Thumb Code    52  sx1276-fskmisc.o(.text)
    SX1276FskGetPaRamp                       0x08004ad7   Thumb Code    26  sx1276-fskmisc.o(.text)
    SX1276FskSetRssiOffset                   0x08004af1   Thumb Code    64  sx1276-fskmisc.o(.text)
    SX1276FskGetRssiOffset                   0x08004b31   Thumb Code    44  sx1276-fskmisc.o(.text)
    SX1276FskGetRawTemp                      0x08004b5d   Thumb Code   206  sx1276-fskmisc.o(.text)
    SX1276FskCalibreateTemp                  0x08004c2b   Thumb Code    14  sx1276-fskmisc.o(.text)
    SX1276FskGetTemp                         0x08004c39   Thumb Code    14  sx1276-fskmisc.o(.text)
    SX1276LoRaSetOpMode                      0x08004c51   Thumb Code    88  sx1276-lora.o(.text)
    SX1276LoRaSetDefaults                    0x08004ca9   Thumb Code    16  sx1276-lora.o(.text)
    SX1276LoRaInit                           0x08004cb9   Thumb Code   182  sx1276-lora.o(.text)
    SX1276LoRaReset                          0x08004d6f   Thumb Code    46  sx1276-lora.o(.text)
    SX1276LoRaGetOpMode                      0x08004d9d   Thumb Code    26  sx1276-lora.o(.text)
    SX1276LoRaReadRxGain                     0x08004db7   Thumb Code    24  sx1276-lora.o(.text)
    SX1276LoRaReadRssi                       0x08004dcf   Thumb Code   108  sx1276-lora.o(.text)
    SX1276LoRaGetPacketRxGain                0x08004e3b   Thumb Code     6  sx1276-lora.o(.text)
    SX1276LoRaGetPacketSnr                   0x08004e41   Thumb Code     8  sx1276-lora.o(.text)
    SX1276LoRaGetPacketRssi                  0x08004e49   Thumb Code     6  sx1276-lora.o(.text)
    SX1276LoRaSetRFState                     0x08004e4f   Thumb Code     6  sx1276-lora.o(.text)
    SX1276LoRaStartRx                        0x08004e55   Thumb Code    10  sx1276-lora.o(.text)
    SX1276LoRaGetRxPacket                    0x08004e5f   Thumb Code    30  sx1276-lora.o(.text)
    SX1276LoRaSetTxPacket                    0x08004e7d   Thumb Code    44  sx1276-lora.o(.text)
    SX1276LoRaGetRFState                     0x08004ea9   Thumb Code     6  sx1276-lora.o(.text)
    SX1276LoRaProcess                        0x08004eaf   Thumb Code  1406  sx1276-lora.o(.text)
    GetLoRaSNR                               0x0800542d   Thumb Code    66  sx1276-lora.o(.text)
    GetLoRaLNA                               0x0800546f   Thumb Code     8  sx1276-lora.o(.text)
    GetPackLoRaRSSI                          0x08005477   Thumb Code   242  sx1276-lora.o(.text)
    LoRaRxStateEnter                         0x08005569   Thumb Code   134  sx1276-lora.o(.text)
    LoRaRxDataRead                           0x080055ef   Thumb Code   178  sx1276-lora.o(.text)
    LoRaTxData                               0x080056a1   Thumb Code   318  sx1276-lora.o(.text)
    LoRaTxPower                              0x080057df   Thumb Code    32  sx1276-lora.o(.text)
    LoRaFreqSet                              0x080057ff   Thumb Code    12  sx1276-lora.o(.text)
    SX1276LoRaSetRFFrequency                 0x0800589d   Thumb Code    74  sx1276-loramisc.o(.text)
    SX1276LoRaGetRFFrequency                 0x080058e7   Thumb Code    82  sx1276-loramisc.o(.text)
    SX1276LoRaSetRFPower                     0x08005939   Thumb Code   252  sx1276-loramisc.o(.text)
    SX1276LoRaGetRFPower                     0x08005a35   Thumb Code   116  sx1276-loramisc.o(.text)
    SX1276LoRaSetSignalBandwidth             0x08005aa9   Thumb Code    50  sx1276-loramisc.o(.text)
    SX1276LoRaGetSignalBandwidth             0x08005adb   Thumb Code    32  sx1276-loramisc.o(.text)
    SX1276LoRaSetNbTrigPeaks                 0x08005afb   Thumb Code    54  sx1276-loramisc.o(.text)
    SX1276LoRaSetSpreadingFactor             0x08005b31   Thumb Code    82  sx1276-loramisc.o(.text)
    SX1276LoRaGetSpreadingFactor             0x08005b83   Thumb Code    32  sx1276-loramisc.o(.text)
    SX1276LoRaSetErrorCoding                 0x08005ba3   Thumb Code    54  sx1276-loramisc.o(.text)
    SX1276LoRaGetErrorCoding                 0x08005bd9   Thumb Code    36  sx1276-loramisc.o(.text)
    SX1276LoRaSetPacketCrcOn                 0x08005bfd   Thumb Code    54  sx1276-loramisc.o(.text)
    SX1276LoRaSetPreambleLength              0x08005c33   Thumb Code    52  sx1276-loramisc.o(.text)
    SX1276LoRaGetPreambleLength              0x08005c67   Thumb Code    50  sx1276-loramisc.o(.text)
    SX1276LoRaGetPacketCrcOn                 0x08005c99   Thumb Code    44  sx1276-loramisc.o(.text)
    SX1276LoRaSetImplicitHeaderOn            0x08005cc5   Thumb Code    52  sx1276-loramisc.o(.text)
    SX1276LoRaGetImplicitHeaderOn            0x08005cf9   Thumb Code    34  sx1276-loramisc.o(.text)
    SX1276LoRaSetRxSingleOn                  0x08005d1b   Thumb Code     6  sx1276-loramisc.o(.text)
    SX1276LoRaGetRxSingleOn                  0x08005d21   Thumb Code     6  sx1276-loramisc.o(.text)
    SX1276LoRaSetFreqHopOn                   0x08005d27   Thumb Code     6  sx1276-loramisc.o(.text)
    SX1276LoRaGetFreqHopOn                   0x08005d2d   Thumb Code     6  sx1276-loramisc.o(.text)
    SX1276LoRaSetHopPeriod                   0x08005d33   Thumb Code    32  sx1276-loramisc.o(.text)
    SX1276LoRaGetHopPeriod                   0x08005d53   Thumb Code    32  sx1276-loramisc.o(.text)
    SX1276LoRaSetTxPacketTimeout             0x08005d73   Thumb Code     6  sx1276-loramisc.o(.text)
    SX1276LoRaGetTxPacketTimeout             0x08005d79   Thumb Code     6  sx1276-loramisc.o(.text)
    SX1276LoRaSetRxPacketTimeout             0x08005d7f   Thumb Code     6  sx1276-loramisc.o(.text)
    SX1276LoRaGetRxPacketTimeout             0x08005d85   Thumb Code     6  sx1276-loramisc.o(.text)
    SX1276LoRaSetPayloadLength               0x08005d8b   Thumb Code    32  sx1276-loramisc.o(.text)
    SX1276LoRaGetPayloadLength               0x08005dab   Thumb Code    32  sx1276-loramisc.o(.text)
    SX1276LoRaSetPa20dBm                     0x08005dcb   Thumb Code    84  sx1276-loramisc.o(.text)
    SX1276LoRaGetPa20dBm                     0x08005e1f   Thumb Code    38  sx1276-loramisc.o(.text)
    SX1276LoRaSetPAOutput                    0x08005e45   Thumb Code    48  sx1276-loramisc.o(.text)
    SX1276LoRaGetPAOutput                    0x08005e75   Thumb Code    26  sx1276-loramisc.o(.text)
    SX1276LoRaSetPaRamp                      0x08005e8f   Thumb Code    52  sx1276-loramisc.o(.text)
    SX1276LoRaGetPaRamp                      0x08005ec3   Thumb Code    26  sx1276-loramisc.o(.text)
    SX1276LoRaSetSymbTimeout                 0x08005edd   Thumb Code    66  sx1276-loramisc.o(.text)
    SX1276LoRaGetSymbTimeout                 0x08005f1f   Thumb Code    38  sx1276-loramisc.o(.text)
    SX1276LoRaSetLowDatarateOptimize         0x08005f45   Thumb Code    56  sx1276-loramisc.o(.text)
    SX1276LoRaGetLowDatarateOptimize         0x08005f7d   Thumb Code    28  sx1276-loramisc.o(.text)
    SX1276LoRaGetNbTrigPeaks                 0x08005f99   Thumb Code    28  sx1276-loramisc.o(.text)
    __use_no_semihosting                     0x08005fbd   Thumb Code     2  use_no_semi_2.o(.text)
    __2printf                                0x08005fc1   Thumb Code    20  noretval__2printf.o(.text)
    __printf                                 0x08005fd9   Thumb Code   104  __printf.o(.text)
    _printf_int_dec                          0x08006041   Thumb Code   104  _printf_dec.o(.text)
    __aeabi_memcpy                           0x080060b9   Thumb Code     0  rt_memcpy_v6.o(.text)
    __rt_memcpy                              0x080060b9   Thumb Code   138  rt_memcpy_v6.o(.text)
    _memcpy_lastbytes                        0x0800611f   Thumb Code     0  rt_memcpy_v6.o(.text)
    __aeabi_memclr                           0x08006143   Thumb Code     0  rt_memclr.o(.text)
    __rt_memclr                              0x08006143   Thumb Code    68  rt_memclr.o(.text)
    _memset                                  0x08006147   Thumb Code     0  rt_memclr.o(.text)
    __use_two_region_memory                  0x08006187   Thumb Code     2  heapauxi.o(.text)
    __rt_heap_escrow$2region                 0x08006189   Thumb Code     2  heapauxi.o(.text)
    __rt_heap_expand$2region                 0x0800618b   Thumb Code     2  heapauxi.o(.text)
    __I$use$semihosting                      0x0800618d   Thumb Code     0  use_no_semi.o(.text)
    __use_no_semihosting_swi                 0x0800618d   Thumb Code     2  use_no_semi.o(.text)
    __read_errno                             0x0800618f   Thumb Code    10  _rserrno.o(.text)
    __set_errno                              0x08006199   Thumb Code    12  _rserrno.o(.text)
    _printf_int_common                       0x080061a5   Thumb Code   178  _printf_intcommon.o(.text)
    _printf_char_file                        0x08006259   Thumb Code    32  _printf_char_file.o(.text)
    __aeabi_memcpy4                          0x0800627d   Thumb Code     0  rt_memcpy_w.o(.text)
    __aeabi_memcpy8                          0x0800627d   Thumb Code     0  rt_memcpy_w.o(.text)
    __rt_memcpy_w                            0x0800627d   Thumb Code   100  rt_memcpy_w.o(.text)
    _memcpy_lastbytes_aligned                0x080062c5   Thumb Code     0  rt_memcpy_w.o(.text)
    __aeabi_memclr4                          0x080062e1   Thumb Code     0  rt_memclr_w.o(.text)
    __aeabi_memclr8                          0x080062e1   Thumb Code     0  rt_memclr_w.o(.text)
    __rt_memclr_w                            0x080062e1   Thumb Code    78  rt_memclr_w.o(.text)
    _memset_w                                0x080062e5   Thumb Code     0  rt_memclr_w.o(.text)
    __aeabi_errno_addr                       0x08006331   Thumb Code     8  rt_errno_addr_intlibspace.o(.text)
    __errno$intlibspace                      0x08006331   Thumb Code     0  rt_errno_addr_intlibspace.o(.text)
    __rt_errno_addr$intlibspace              0x08006331   Thumb Code     0  rt_errno_addr_intlibspace.o(.text)
    _printf_char_common                      0x08006343   Thumb Code    32  _printf_char_common.o(.text)
    ferror                                   0x08006369   Thumb Code     8  ferror.o(.text)
    __user_libspace                          0x08006371   Thumb Code     8  libspace.o(.text)
    __user_perproc_libspace                  0x08006371   Thumb Code     0  libspace.o(.text)
    __user_perthread_libspace                0x08006371   Thumb Code     0  libspace.o(.text)
    __user_setup_stackheap                   0x08006379   Thumb Code    74  sys_stackheap_outer.o(.text)
    exit                                     0x080063c3   Thumb Code    18  exit.o(.text)
    __ARM_fpclassify                         0x080063d5   Thumb Code    40  fpclassify.o(i.__ARM_fpclassify)
    __kernel_poly                            0x080063fd   Thumb Code   170  poly.o(i.__kernel_poly)
    __mathlib_dbl_divzero                    0x080064a9   Thumb Code    12  dunder.o(i.__mathlib_dbl_divzero)
    __mathlib_dbl_infnan2                    0x080064b9   Thumb Code     4  dunder.o(i.__mathlib_dbl_infnan2)
    __mathlib_dbl_invalid                    0x080064bd   Thumb Code    12  dunder.o(i.__mathlib_dbl_invalid)
    __mathlib_dbl_overflow                   0x080064c9   Thumb Code    14  dunder.o(i.__mathlib_dbl_overflow)
    __mathlib_dbl_underflow                  0x080064d9   Thumb Code    10  dunder.o(i.__mathlib_dbl_underflow)
    pow                                      0x080064e9   Thumb Code  2512  pow.o(i.pow)
    round                                    0x08006ec1   Thumb Code   136  round.o(i.round)
    sqrt                                     0x08006f55   Thumb Code    76  sqrt.o(i.sqrt)
    __aeabi_dadd                             0x08006fa1   Thumb Code     0  daddsub_clz.o(x$fpl$dadd)
    _dadd                                    0x08006fa1   Thumb Code   332  daddsub_clz.o(x$fpl$dadd)
    __fpl_dcheck_NaN1                        0x080070f1   Thumb Code    10  dcheck1.o(x$fpl$dcheck1)
    __fpl_dcmp_Inf                           0x08007101   Thumb Code    24  dcmpi.o(x$fpl$dcmpinf)
    __aeabi_ddiv                             0x08007119   Thumb Code     0  ddiv.o(x$fpl$ddiv)
    _ddiv                                    0x08007119   Thumb Code   552  ddiv.o(x$fpl$ddiv)
    __aeabi_d2iz                             0x080073c9   Thumb Code     0  dfix.o(x$fpl$dfix)
    _dfix                                    0x080073c9   Thumb Code    94  dfix.o(x$fpl$dfix)
    __aeabi_d2uiz                            0x08007429   Thumb Code     0  dfixu.o(x$fpl$dfixu)
    _dfixu                                   0x08007429   Thumb Code    90  dfixu.o(x$fpl$dfixu)
    __aeabi_i2d                              0x08007483   Thumb Code     0  dflt_clz.o(x$fpl$dflt)
    _dflt                                    0x08007483   Thumb Code    46  dflt_clz.o(x$fpl$dflt)
    __aeabi_ui2d                             0x080074b1   Thumb Code     0  dflt_clz.o(x$fpl$dfltu)
    _dfltu                                   0x080074b1   Thumb Code    38  dflt_clz.o(x$fpl$dfltu)
    __aeabi_cdcmple                          0x080074d9   Thumb Code     0  dleqf.o(x$fpl$dleqf)
    _dcmple                                  0x080074d9   Thumb Code   120  dleqf.o(x$fpl$dleqf)
    __fpl_dcmple_InfNaN                      0x0800753b   Thumb Code     0  dleqf.o(x$fpl$dleqf)
    __aeabi_dmul                             0x08007551   Thumb Code     0  dmul.o(x$fpl$dmul)
    _dmul                                    0x08007551   Thumb Code   332  dmul.o(x$fpl$dmul)
    __fpl_dnaninf                            0x080076a5   Thumb Code   156  dnaninf.o(x$fpl$dnaninf)
    __fpl_dretinf                            0x08007741   Thumb Code    12  dretinf.o(x$fpl$dretinf)
    __aeabi_cdrcmple                         0x0800774d   Thumb Code     0  drleqf.o(x$fpl$drleqf)
    _drcmple                                 0x0800774d   Thumb Code   108  drleqf.o(x$fpl$drleqf)
    _drnd                                    0x080077b9   Thumb Code   180  drnd.o(x$fpl$drnd)
    __aeabi_drsub                            0x0800786d   Thumb Code     0  daddsub_clz.o(x$fpl$drsb)
    _drsb                                    0x0800786d   Thumb Code    22  daddsub_clz.o(x$fpl$drsb)
    _dsqrt                                   0x08007885   Thumb Code   456  dsqrt_noumaal.o(x$fpl$dsqrt)
    __aeabi_dsub                             0x08007a51   Thumb Code     0  daddsub_clz.o(x$fpl$dsub)
    _dsub                                    0x08007a51   Thumb Code   464  daddsub_clz.o(x$fpl$dsub)
    __fpl_return_NaN                         0x08007c25   Thumb Code   100  retnan.o(x$fpl$retnan)
    __ARM_scalbn                             0x08007c89   Thumb Code    92  scalbn.o(x$fpl$scalbn)
    __fpl_cmpreturn                          0x08007ce5   Thumb Code    48  trapv.o(x$fpl$trapveneer)
    __I$use$fp                               0x08007d14   Number         0  usenofp.o(x$fpl$usenofp)
    SignalBwLog                              0x08008118   Data          80  sx1276-lora.o(.constdata)
    RssiOffsetLF                             0x08008168   Data          80  sx1276-lora.o(.constdata)
    RssiOffsetHF                             0x080081b8   Data          80  sx1276-lora.o(.constdata)
    HoppingFrequencies                       0x08008208   Data         204  sx1276-lora.o(.constdata)
    __mathlib_zero                           0x08008360   Data           8  qnan.o(.constdata)
    Region$$Table$$Base                      0x08008368   Number         0  anon$$obj.o(Region$$Table)
    Region$$Table$$Limit                     0x08008388   Number         0  anon$$obj.o(Region$$Table)
    Addr                                     0x20000000   Data           2  main.o(.data)
    Beacon                                   0x20000002   Data           2  main.o(.data)
    SystemCoreClock                          0x20000004   Data           4  system_stm32f10x.o(.data)
    AHBPrescTable                            0x20000008   Data          16  system_stm32f10x.o(.data)
    longkey                                  0x20000018   Data           4  key.o(.data)
    key                                      0x2000001d   Data           1  timer.o(.data)
    time                                     0x2000001e   Data           1  timer.o(.data)
    Tx_Time_Start                            0x20000020   Data           4  modbus.o(.data)
    Tx_Time_End                              0x20000024   Data           4  modbus.o(.data)
    Rx_Time_Start                            0x20000028   Data           4  modbus.o(.data)
    Rx_Time_End                              0x2000002c   Data           4  modbus.o(.data)
    Rec_Len                                  0x20000030   Data           2  modbus.o(.data)
    crc_value                                0x20000032   Data           2  modbus.o(.data)
    auchCRCHi                                0x20000034   Data         256  crc.o(.data)
    auchCRCLo                                0x20000134   Data         256  crc.o(.data)
    dataorder                                0x20000234   Data           1  crc.o(.data)
    F_data                                   0x20000235   Data           4  flash_data.o(.data)
    __stdout                                 0x20000240   Data           4  usart.o(.data)
    USART_RX_STA                             0x20000244   Data           2  usart.o(.data)
    TickCounter                              0x2000025c   Data           4  sx12xxeiger.o(.data)
    crc32V                                   0x20000262   Data           4  sx1276.o(.data)
    FskSettings                              0x20000268   Data          28  sx1276-fsk.o(.data)
    SX1276                                   0x20000284   Data           4  sx1276-fsk.o(.data)
    LoRaSettings                             0x200002c8   Data          28  sx1276-lora.o(.data)
    SX1276LR                                 0x200002e4   Data           4  sx1276-lora.o(.data)
    RFLRState                                0x200002e8   Data           1  sx1276-lora.o(.data)
    Tx_Counter                               0x20000306   Data           2  sx1276-lora.o(.data)
    RXData                                   0x2000030c   Data         255  main.o(.bss)
    TXData                                   0x2000040b   Data         255  main.o(.bss)
    data                                     0x2000050a   Data         255  modbus.o(.bss)
    USART_RX_BUF                             0x20000609   Data         200  usart.o(.bss)
    SX1276Regs                               0x200006d1   Data         112  sx1276.o(.bss)
    __libspace_start                         0x20000944   Data          96  libspace.o(.bss)
    __temporary_stack_top$libspace           0x200009a4   Data           0  libspace.o(.bss)



==============================================================================

Memory Map of the image

  Image Entry point : 0x08000131

  Load Region LR_IROM1 (Base: 0x08000000, Size: 0x00008694, Max: 0x00010000, ABSOLUTE, COMPRESSED[0x00008508])

    Execution Region ER_IROM1 (Exec base: 0x08000000, Load base: 0x08000000, Size: 0x00008388, Max: 0x00010000, ABSOLUTE)

    Exec Addr    Load Addr    Size         Type   Attr      Idx    E Section Name        Object

    0x08000000   0x08000000   0x00000130   Data   RO          443    RESET               startup_stm32f10x_hd.o
    0x08000130   0x08000130   0x00000008   Code   RO          772  * !!!main             c_w.l(__main.o)
    0x08000138   0x08000138   0x00000034   Code   RO         1041    !!!scatter          c_w.l(__scatter.o)
    0x0800016c   0x0800016c   0x0000005a   Code   RO         1039    !!dczerorl2         c_w.l(__dczerorl2.o)
    0x080001c6   0x080001c6   0x00000002   PAD
    0x080001c8   0x080001c8   0x0000001c   Code   RO         1043    !!handler_zi        c_w.l(__scatter_zi.o)
    0x080001e4   0x080001e4   0x00000000   Code   RO          765    .ARM.Collect$$_printf_percent$$00000000  c_w.l(_printf_percent.o)
    0x080001e4   0x080001e4   0x00000006   Code   RO          764    .ARM.Collect$$_printf_percent$$00000009  c_w.l(_printf_d.o)
    0x080001ea   0x080001ea   0x00000004   Code   RO          823    .ARM.Collect$$_printf_percent$$00000017  c_w.l(_printf_percent_end.o)
    0x080001ee   0x080001ee   0x00000002   Code   RO          912    .ARM.Collect$$libinit$$00000000  c_w.l(libinit.o)
    0x080001f0   0x080001f0   0x00000000   Code   RO          918    .ARM.Collect$$libinit$$00000002  c_w.l(libinit2.o)
    0x080001f0   0x080001f0   0x00000000   Code   RO          920    .ARM.Collect$$libinit$$00000004  c_w.l(libinit2.o)
    0x080001f0   0x080001f0   0x00000000   Code   RO          923    .ARM.Collect$$libinit$$0000000A  c_w.l(libinit2.o)
    0x080001f0   0x080001f0   0x00000000   Code   RO          925    .ARM.Collect$$libinit$$0000000C  c_w.l(libinit2.o)
    0x080001f0   0x080001f0   0x00000000   Code   RO          927    .ARM.Collect$$libinit$$0000000E  c_w.l(libinit2.o)
    0x080001f0   0x080001f0   0x00000000   Code   RO          930    .ARM.Collect$$libinit$$00000011  c_w.l(libinit2.o)
    0x080001f0   0x080001f0   0x00000000   Code   RO          932    .ARM.Collect$$libinit$$00000013  c_w.l(libinit2.o)
    0x080001f0   0x080001f0   0x00000000   Code   RO          934    .ARM.Collect$$libinit$$00000015  c_w.l(libinit2.o)
    0x080001f0   0x080001f0   0x00000000   Code   RO          936    .ARM.Collect$$libinit$$00000017  c_w.l(libinit2.o)
    0x080001f0   0x080001f0   0x00000000   Code   RO          938    .ARM.Collect$$libinit$$00000019  c_w.l(libinit2.o)
    0x080001f0   0x080001f0   0x00000000   Code   RO          940    .ARM.Collect$$libinit$$0000001B  c_w.l(libinit2.o)
    0x080001f0   0x080001f0   0x00000000   Code   RO          942    .ARM.Collect$$libinit$$0000001D  c_w.l(libinit2.o)
    0x080001f0   0x080001f0   0x00000000   Code   RO          944    .ARM.Collect$$libinit$$0000001F  c_w.l(libinit2.o)
    0x080001f0   0x080001f0   0x00000000   Code   RO          946    .ARM.Collect$$libinit$$00000021  c_w.l(libinit2.o)
    0x080001f0   0x080001f0   0x00000000   Code   RO          948    .ARM.Collect$$libinit$$00000023  c_w.l(libinit2.o)
    0x080001f0   0x080001f0   0x00000000   Code   RO          950    .ARM.Collect$$libinit$$00000025  c_w.l(libinit2.o)
    0x080001f0   0x080001f0   0x00000000   Code   RO          954    .ARM.Collect$$libinit$$0000002C  c_w.l(libinit2.o)
    0x080001f0   0x080001f0   0x00000000   Code   RO          956    .ARM.Collect$$libinit$$0000002E  c_w.l(libinit2.o)
    0x080001f0   0x080001f0   0x00000000   Code   RO          958    .ARM.Collect$$libinit$$00000030  c_w.l(libinit2.o)
    0x080001f0   0x080001f0   0x00000000   Code   RO          960    .ARM.Collect$$libinit$$00000032  c_w.l(libinit2.o)
    0x080001f0   0x080001f0   0x00000002   Code   RO          961    .ARM.Collect$$libinit$$00000033  c_w.l(libinit2.o)
    0x080001f2   0x080001f2   0x00000002   Code   RO          981    .ARM.Collect$$libshutdown$$00000000  c_w.l(libshutdown.o)
    0x080001f4   0x080001f4   0x00000000   Code   RO          991    .ARM.Collect$$libshutdown$$00000002  c_w.l(libshutdown2.o)
    0x080001f4   0x080001f4   0x00000000   Code   RO          993    .ARM.Collect$$libshutdown$$00000004  c_w.l(libshutdown2.o)
    0x080001f4   0x080001f4   0x00000000   Code   RO          996    .ARM.Collect$$libshutdown$$00000007  c_w.l(libshutdown2.o)
    0x080001f4   0x080001f4   0x00000000   Code   RO          999    .ARM.Collect$$libshutdown$$0000000A  c_w.l(libshutdown2.o)
    0x080001f4   0x080001f4   0x00000000   Code   RO         1001    .ARM.Collect$$libshutdown$$0000000C  c_w.l(libshutdown2.o)
    0x080001f4   0x080001f4   0x00000000   Code   RO         1004    .ARM.Collect$$libshutdown$$0000000F  c_w.l(libshutdown2.o)
    0x080001f4   0x080001f4   0x00000002   Code   RO         1005    .ARM.Collect$$libshutdown$$00000010  c_w.l(libshutdown2.o)
    0x080001f6   0x080001f6   0x00000000   Code   RO          816    .ARM.Collect$$rtentry$$00000000  c_w.l(__rtentry.o)
    0x080001f6   0x080001f6   0x00000000   Code   RO          869    .ARM.Collect$$rtentry$$00000002  c_w.l(__rtentry2.o)
    0x080001f6   0x080001f6   0x00000006   Code   RO          881    .ARM.Collect$$rtentry$$00000004  c_w.l(__rtentry4.o)
    0x080001fc   0x080001fc   0x00000000   Code   RO          871    .ARM.Collect$$rtentry$$00000009  c_w.l(__rtentry2.o)
    0x080001fc   0x080001fc   0x00000004   Code   RO          872    .ARM.Collect$$rtentry$$0000000A  c_w.l(__rtentry2.o)
    0x08000200   0x08000200   0x00000000   Code   RO          874    .ARM.Collect$$rtentry$$0000000C  c_w.l(__rtentry2.o)
    0x08000200   0x08000200   0x00000008   Code   RO          875    .ARM.Collect$$rtentry$$0000000D  c_w.l(__rtentry2.o)
    0x08000208   0x08000208   0x00000002   Code   RO          915    .ARM.Collect$$rtexit$$00000000  c_w.l(rtexit.o)
    0x0800020a   0x0800020a   0x00000000   Code   RO          965    .ARM.Collect$$rtexit$$00000002  c_w.l(rtexit2.o)
    0x0800020a   0x0800020a   0x00000004   Code   RO          966    .ARM.Collect$$rtexit$$00000003  c_w.l(rtexit2.o)
    0x0800020e   0x0800020e   0x00000006   Code   RO          967    .ARM.Collect$$rtexit$$00000004  c_w.l(rtexit2.o)
    0x08000214   0x08000214   0x00000160   Code   RO            1    .text               main.o
    0x08000374   0x08000374   0x0000001a   Code   RO          184    .text               stm32f10x_it.o
    0x0800038e   0x0800038e   0x00000002   PAD
    0x08000390   0x08000390   0x000001e0   Code   RO          225    .text               system_stm32f10x.o
    0x08000570   0x08000570   0x00000058   Code   RO          243    .text               led.o
    0x080005c8   0x080005c8   0x00000120   Code   RO          259    .text               key.o
    0x080006e8   0x080006e8   0x00000114   Code   RO          274    .text               spi.o
    0x080007fc   0x080007fc   0x00000124   Code   RO          286    .text               timer.o
    0x08000920   0x08000920   0x00000228   Code   RO          301    .text               modbus.o
    0x08000b48   0x08000b48   0x00000110   Code   RO          318    .text               crc.o
    0x08000c58   0x08000c58   0x00000068   Code   RO          334    .text               flash_data.o
    0x08000cc0   0x08000cc0   0x000000d0   Code   RO          364    .text               dataprocessing.o
    0x08000d90   0x08000d90   0x000000d4   Code   RO          377    .text               delay.o
    0x08000e64   0x08000e64   0x00000140   Code   RO          408    .text               usart.o
    0x08000fa4   0x08000fa4   0x00000040   Code   RO          444    .text               startup_stm32f10x_hd.o
    0x08000fe4   0x08000fe4   0x000000dc   Code   RO          448    .text               misc.o
    0x080010c0   0x080010c0   0x0000035c   Code   RO          472    .text               stm32f10x_gpio.o
    0x0800141c   0x0800141c   0x000003a4   Code   RO          484    .text               stm32f10x_rcc.o
    0x080017c0   0x080017c0   0x0000030c   Code   RO          498    .text               stm32f10x_spi.o
    0x08001acc   0x08001acc   0x00000408   Code   RO          510    .text               stm32f10x_usart.o
    0x08001ed4   0x08001ed4   0x00000e1a   Code   RO          522    .text               stm32f10x_tim.o
    0x08002cee   0x08002cee   0x00000002   PAD
    0x08002cf0   0x08002cf0   0x000005bc   Code   RO          534    .text               stm32f10x_flash.o
    0x080032ac   0x080032ac   0x00000204   Code   RO          595    .text               sx1276-hal.o
    0x080034b0   0x080034b0   0x000003d4   Code   RO          622    .text               sx1276.o
    0x08003884   0x08003884   0x000009b4   Code   RO          649    .text               sx1276-fsk.o
    0x08004238   0x08004238   0x00000a18   Code   RO          678    .text               sx1276-fskmisc.o
    0x08004c50   0x08004c50   0x00000c4c   Code   RO          691    .text               sx1276-lora.o
    0x0800589c   0x0800589c   0x00000720   Code   RO          719    .text               sx1276-loramisc.o
    0x08005fbc   0x08005fbc   0x00000002   Code   RO          734    .text               c_w.l(use_no_semi_2.o)
    0x08005fbe   0x08005fbe   0x00000002   PAD
    0x08005fc0   0x08005fc0   0x00000018   Code   RO          738    .text               c_w.l(noretval__2printf.o)
    0x08005fd8   0x08005fd8   0x00000068   Code   RO          740    .text               c_w.l(__printf.o)
    0x08006040   0x08006040   0x00000078   Code   RO          742    .text               c_w.l(_printf_dec.o)
    0x080060b8   0x080060b8   0x0000008a   Code   RO          766    .text               c_w.l(rt_memcpy_v6.o)
    0x08006142   0x08006142   0x00000044   Code   RO          768    .text               c_w.l(rt_memclr.o)
    0x08006186   0x08006186   0x00000006   Code   RO          770    .text               c_w.l(heapauxi.o)
    0x0800618c   0x0800618c   0x00000002   Code   RO          814    .text               c_w.l(use_no_semi.o)
    0x0800618e   0x0800618e   0x00000016   Code   RO          817    .text               c_w.l(_rserrno.o)
    0x080061a4   0x080061a4   0x000000b2   Code   RO          819    .text               c_w.l(_printf_intcommon.o)
    0x08006256   0x08006256   0x00000002   PAD
    0x08006258   0x08006258   0x00000024   Code   RO          821    .text               c_w.l(_printf_char_file.o)
    0x0800627c   0x0800627c   0x00000064   Code   RO          824    .text               c_w.l(rt_memcpy_w.o)
    0x080062e0   0x080062e0   0x0000004e   Code   RO          826    .text               c_w.l(rt_memclr_w.o)
    0x0800632e   0x0800632e   0x00000002   PAD
    0x08006330   0x08006330   0x00000008   Code   RO          886    .text               c_w.l(rt_errno_addr_intlibspace.o)
    0x08006338   0x08006338   0x00000030   Code   RO          888    .text               c_w.l(_printf_char_common.o)
    0x08006368   0x08006368   0x00000008   Code   RO          890    .text               c_w.l(ferror.o)
    0x08006370   0x08006370   0x00000008   Code   RO          898    .text               c_w.l(libspace.o)
    0x08006378   0x08006378   0x0000004a   Code   RO          901    .text               c_w.l(sys_stackheap_outer.o)
    0x080063c2   0x080063c2   0x00000012   Code   RO          905    .text               c_w.l(exit.o)
    0x080063d4   0x080063d4   0x00000028   Code   RO          855    i.__ARM_fpclassify  m_ws.l(fpclassify.o)
    0x080063fc   0x080063fc   0x000000aa   Code   RO          857    i.__kernel_poly     m_ws.l(poly.o)
    0x080064a6   0x080064a6   0x00000002   PAD
    0x080064a8   0x080064a8   0x00000010   Code   RO          841    i.__mathlib_dbl_divzero  m_ws.l(dunder.o)
    0x080064b8   0x080064b8   0x00000004   Code   RO          843    i.__mathlib_dbl_infnan2  m_ws.l(dunder.o)
    0x080064bc   0x080064bc   0x0000000c   Code   RO          844    i.__mathlib_dbl_invalid  m_ws.l(dunder.o)
    0x080064c8   0x080064c8   0x0000000e   Code   RO          845    i.__mathlib_dbl_overflow  m_ws.l(dunder.o)
    0x080064d6   0x080064d6   0x00000002   PAD
    0x080064d8   0x080064d8   0x00000010   Code   RO          847    i.__mathlib_dbl_underflow  m_ws.l(dunder.o)
    0x080064e8   0x080064e8   0x000009d8   Code   RO          803    i.pow               m_ws.l(pow.o)
    0x08006ec0   0x08006ec0   0x00000094   Code   RO          812    i.round             m_ws.l(round.o)
    0x08006f54   0x08006f54   0x0000004c   Code   RO          861    i.sqrt              m_ws.l(sqrt.o)
    0x08006fa0   0x08006fa0   0x00000150   Code   RO          774    x$fpl$dadd          fz_ws.l(daddsub_clz.o)
    0x080070f0   0x080070f0   0x00000010   Code   RO          894    x$fpl$dcheck1       fz_ws.l(dcheck1.o)
    0x08007100   0x08007100   0x00000018   Code   RO          828    x$fpl$dcmpinf       fz_ws.l(dcmpi.o)
    0x08007118   0x08007118   0x000002b0   Code   RO          781    x$fpl$ddiv          fz_ws.l(ddiv.o)
    0x080073c8   0x080073c8   0x0000005e   Code   RO          784    x$fpl$dfix          fz_ws.l(dfix.o)
    0x08007426   0x08007426   0x00000002   PAD
    0x08007428   0x08007428   0x0000005a   Code   RO          788    x$fpl$dfixu         fz_ws.l(dfixu.o)
    0x08007482   0x08007482   0x0000002e   Code   RO          793    x$fpl$dflt          fz_ws.l(dflt_clz.o)
    0x080074b0   0x080074b0   0x00000026   Code   RO          792    x$fpl$dfltu         fz_ws.l(dflt_clz.o)
    0x080074d6   0x080074d6   0x00000002   PAD
    0x080074d8   0x080074d8   0x00000078   Code   RO          798    x$fpl$dleqf         fz_ws.l(dleqf.o)
    0x08007550   0x08007550   0x00000154   Code   RO          800    x$fpl$dmul          fz_ws.l(dmul.o)
    0x080076a4   0x080076a4   0x0000009c   Code   RO          830    x$fpl$dnaninf       fz_ws.l(dnaninf.o)
    0x08007740   0x08007740   0x0000000c   Code   RO          832    x$fpl$dretinf       fz_ws.l(dretinf.o)
    0x0800774c   0x0800774c   0x0000006c   Code   RO          834    x$fpl$drleqf        fz_ws.l(drleqf.o)
    0x080077b8   0x080077b8   0x000000b4   Code   RO          836    x$fpl$drnd          fz_ws.l(drnd.o)
    0x0800786c   0x0800786c   0x00000016   Code   RO          775    x$fpl$drsb          fz_ws.l(daddsub_clz.o)
    0x08007882   0x08007882   0x00000002   PAD
    0x08007884   0x08007884   0x000001cc   Code   RO          896    x$fpl$dsqrt         fz_ws.l(dsqrt_noumaal.o)
    0x08007a50   0x08007a50   0x000001d4   Code   RO          776    x$fpl$dsub          fz_ws.l(daddsub_clz.o)
    0x08007c24   0x08007c24   0x00000064   Code   RO          913    x$fpl$retnan        fz_ws.l(retnan.o)
    0x08007c88   0x08007c88   0x0000005c   Code   RO          838    x$fpl$scalbn        fz_ws.l(scalbn.o)
    0x08007ce4   0x08007ce4   0x00000030   Code   RO          962    x$fpl$trapveneer    fz_ws.l(trapv.o)
    0x08007d14   0x08007d14   0x00000000   Code   RO          840    x$fpl$usenofp       fz_ws.l(usenofp.o)
    0x08007d14   0x08007d14   0x00000400   Data   RO          624    .constdata          sx1276.o
    0x08008114   0x08008114   0x00000004   PAD
    0x08008118   0x08008118   0x000001bc   Data   RO          693    .constdata          sx1276-lora.o
    0x080082d4   0x080082d4   0x00000004   PAD
    0x080082d8   0x080082d8   0x00000088   Data   RO          804    .constdata          m_ws.l(pow.o)
    0x08008360   0x08008360   0x00000008   Data   RO          859    .constdata          m_ws.l(qnan.o)
    0x08008368   0x08008368   0x00000020   Data   RO         1037    Region$$Table       anon$$obj.o


    Execution Region RW_IRAM1 (Exec base: 0x20000000, Load base: 0x08008388, Size: 0x00000fa8, Max: 0x00005000, ABSOLUTE, COMPRESSED[0x00000180])

    Exec Addr    Load Addr    Size         Type   Attr      Idx    E Section Name        Object

    0x20000000   COMPRESSED   0x00000004   Data   RW            3    .data               main.o
    0x20000004   COMPRESSED   0x00000014   Data   RW          226    .data               system_stm32f10x.o
    0x20000018   COMPRESSED   0x00000005   Data   RW          260    .data               key.o
    0x2000001d   COMPRESSED   0x00000002   Data   RW          287    .data               timer.o
    0x2000001f   COMPRESSED   0x00000001   PAD
    0x20000020   COMPRESSED   0x00000014   Data   RW          303    .data               modbus.o
    0x20000034   COMPRESSED   0x00000201   Data   RW          320    .data               crc.o
    0x20000235   COMPRESSED   0x00000004   Data   RW          335    .data               flash_data.o
    0x20000239   COMPRESSED   0x00000001   PAD
    0x2000023a   COMPRESSED   0x00000004   Data   RW          378    .data               delay.o
    0x2000023e   COMPRESSED   0x00000002   PAD
    0x20000240   COMPRESSED   0x00000006   Data   RW          410    .data               usart.o
    0x20000246   COMPRESSED   0x00000014   Data   RW          485    .data               stm32f10x_rcc.o
    0x2000025a   COMPRESSED   0x00000002   PAD
    0x2000025c   COMPRESSED   0x00000004   Data   RW          574    .data               sx12xxeiger.o
    0x20000260   COMPRESSED   0x00000006   Data   RW          625    .data               sx1276.o
    0x20000266   COMPRESSED   0x00000002   PAD
    0x20000268   COMPRESSED   0x0000005a   Data   RW          651    .data               sx1276-fsk.o
    0x200002c2   COMPRESSED   0x00000006   PAD
    0x200002c8   COMPRESSED   0x00000042   Data   RW          694    .data               sx1276-lora.o
    0x2000030a   COMPRESSED   0x00000002   PAD
    0x2000030c        -       0x000001fe   Zero   RW            2    .bss                main.o
    0x2000050a        -       0x000000ff   Zero   RW          302    .bss                modbus.o
    0x20000609        -       0x000000c8   Zero   RW          409    .bss                usart.o
    0x200006d1        -       0x00000070   Zero   RW          623    .bss                sx1276.o
    0x20000741        -       0x00000100   Zero   RW          650    .bss                sx1276-fsk.o
    0x20000841        -       0x00000100   Zero   RW          692    .bss                sx1276-lora.o
    0x20000941   COMPRESSED   0x00000003   PAD
    0x20000944        -       0x00000060   Zero   RW          899    .bss                c_w.l(libspace.o)
    0x200009a4   COMPRESSED   0x00000004   PAD
    0x200009a8        -       0x00000200   Zero   RW          442    HEAP                startup_stm32f10x_hd.o
    0x20000ba8        -       0x00000400   Zero   RW          441    STACK               startup_stm32f10x_hd.o


==============================================================================

Image component sizes


      Code (inc. data)   RO Data    RW Data    ZI Data      Debug   Object Name

       272         12          0        513          0       2639   crc.o
       208         26          0          0          0        914   dataprocessing.o
       212         18          0          4          0       1099   delay.o
       104         14          0          4          0       1322   flash_data.o
       288         18          0          5          0       1287   key.o
        88         10          0          0          0        629   led.o
       352         52          0          4        510     281230   main.o
       220         22          0          0          0       1857   misc.o
       552         34          0         20        255       2243   modbus.o
       276         10          0          0          0       1334   spi.o
        64         26        304          0       1536        812   startup_stm32f10x_hd.o
      1468         34          0          0          0       8262   stm32f10x_flash.o
       860         38          0          0          0       5789   stm32f10x_gpio.o
        26          0          0          0          0       1206   stm32f10x_it.o
       932         36          0         20          0       8992   stm32f10x_rcc.o
       780         14          0          0          0       6670   stm32f10x_spi.o
      3610         88          0          0          0      22896   stm32f10x_tim.o
      1032         22          0          0          0       8512   stm32f10x_usart.o
      2484        182          0         90        256      33793   sx1276-fsk.o
      2584         48          0          0          0       7775   sx1276-fskmisc.o
       516         16          0          0          0       5013   sx1276-hal.o
      3148        344        444         66        256      22543   sx1276-lora.o
      1824         20          0          0          0       7944   sx1276-loramisc.o
       980         52       1024          6        112      34643   sx1276.o
         0          0          0          4          0        782   sx12xxeiger.o
         0          0          0          0          0         32   sys.o
       480         38          0         20          0       1823   system_stm32f10x.o
       292         20          0          2          0       1159   timer.o
       320         16          0          6        200       3234   usart.o

    ----------------------------------------------------------------------
     23976       1210       1812        780       3128     476434   Object Totals
         0          0         32          0          0          0   (incl. Generated)
         4          0          8         16          3          0   (incl. Padding)

    ----------------------------------------------------------------------

      Code (inc. data)   RO Data    RW Data    ZI Data      Debug   Library Member Name

        90          0          0          0          0          0   __dczerorl2.o
         8          0          0          0          0         68   __main.o
       104          0          0          0          0         84   __printf.o
         0          0          0          0          0          0   __rtentry.o
        12          0          0          0          0          0   __rtentry2.o
         6          0          0          0          0          0   __rtentry4.o
        52          8          0          0          0          0   __scatter.o
        28          0          0          0          0          0   __scatter_zi.o
        48          6          0          0          0         96   _printf_char_common.o
        36          4          0          0          0         80   _printf_char_file.o
         6          0          0          0          0          0   _printf_d.o
       120         16          0          0          0         92   _printf_dec.o
       178          0          0          0          0         88   _printf_intcommon.o
         0          0          0          0          0          0   _printf_percent.o
         4          0          0          0          0          0   _printf_percent_end.o
        22          0          0          0          0        100   _rserrno.o
        18          0          0          0          0         80   exit.o
         8          0          0          0          0         68   ferror.o
         6          0          0          0          0        152   heapauxi.o
         2          0          0          0          0          0   libinit.o
         2          0          0          0          0          0   libinit2.o
         2          0          0          0          0          0   libshutdown.o
         2          0          0          0          0          0   libshutdown2.o
         8          4          0          0         96         68   libspace.o
        24          4          0          0          0         84   noretval__2printf.o
         8          4          0          0          0         68   rt_errno_addr_intlibspace.o
        68          0          0          0          0         68   rt_memclr.o
        78          0          0          0          0         80   rt_memclr_w.o
       138          0          0          0          0         68   rt_memcpy_v6.o
       100          0          0          0          0         80   rt_memcpy_w.o
         2          0          0          0          0          0   rtexit.o
        10          0          0          0          0          0   rtexit2.o
        74          0          0          0          0         80   sys_stackheap_outer.o
         2          0          0          0          0         68   use_no_semi.o
         2          0          0          0          0         68   use_no_semi_2.o
       826         16          0          0          0        348   daddsub_clz.o
        16          4          0          0          0         68   dcheck1.o
        24          0          0          0          0         68   dcmpi.o
       688        140          0          0          0        208   ddiv.o
        94          4          0          0          0         92   dfix.o
        90          4          0          0          0         92   dfixu.o
        84          0          0          0          0        136   dflt_clz.o
       120          4          0          0          0         92   dleqf.o
       340         12          0          0          0        104   dmul.o
       156          4          0          0          0         92   dnaninf.o
        12          0          0          0          0         68   dretinf.o
       108          0          0          0          0         80   drleqf.o
       180          4          0          0          0         80   drnd.o
       460         56          0          0          0        120   dsqrt_noumaal.o
       100          0          0          0          0         68   retnan.o
        92          0          0          0          0         68   scalbn.o
        48          0          0          0          0         68   trapv.o
         0          0          0          0          0          0   usenofp.o
        62         10          0          0          0        340   dunder.o
        40          0          0          0          0         68   fpclassify.o
       170          0          0          0          0         96   poly.o
      2520        190        136          0          0        324   pow.o
         0          0          8          0          0          0   qnan.o
       148         12          0          0          0         88   round.o
        76          0          0          0          0         84   sqrt.o

    ----------------------------------------------------------------------
      7740        506        144          0        100       4492   Library Totals
        18          0          0          0          4          0   (incl. Padding)

    ----------------------------------------------------------------------

      Code (inc. data)   RO Data    RW Data    ZI Data      Debug   Library Name

      1268         46          0          0         96       1640   c_w.l
      3438        248          0          0          0       1852   fz_ws.l
      3016        212        144          0          0       1000   m_ws.l

    ----------------------------------------------------------------------
      7740        506        144          0        100       4492   Library Totals

    ----------------------------------------------------------------------

==============================================================================


      Code (inc. data)   RO Data    RW Data    ZI Data      Debug   

     31716       1716       1956        780       3228     476190   Grand Totals
     31716       1716       1956        384       3228     476190   ELF Image Totals (compressed)
     31716       1716       1956        384          0          0   ROM Totals

==============================================================================

    Total RO  Size (Code + RO Data)                33672 (  32.88kB)
    Total RW  Size (RW Data + ZI Data)              4008 (   3.91kB)
    Total ROM Size (Code + RO Data + RW Data)      34056 (  33.26kB)

==============================================================================

